******************************************************************************
                  TI ARM Linker PC v5.0.4                      
******************************************************************************
>> Linked Fri Oct 10 16:35:45 2014

OUTPUT FILE NAME:   <uart2ssi_Working_DNE.out>
ENTRY POINT SYMBOL: "_c_int00"  address: 00000dd1


MEMORY CONFIGURATION

         name            origin    length      used     unused   attr    fill
----------------------  --------  ---------  --------  --------  ----  --------
  FLASH                 00000000   00040000  00000fec  0003f014  R  X
  SRAM                  20000000   00008000  00000183  00007e7d  RW X


SEGMENT ALLOCATION MAP

run origin  load origin   length   init length attrs members
----------  ----------- ---------- ----------- ----- -------
00000000    00000000    00000ff0   00000ff0    r-x
  00000000    00000000    0000026c   0000026c    r-- .intvecs
  0000026c    0000026c    00000cdc   00000cdc    r-x .text
  00000f48    00000f48    0000006c   0000006c    r-- .const
  00000fb8    00000fb8    00000038   00000038    r-- .cinit
20000000    20000000    0000016c   00000000    rw-
  20000000    20000000    00000100   00000000    rw- .stack
  20000100    20000100    0000006c   00000000    rw- .bss
2000016c    2000016c    00000017   00000017    rw-
  2000016c    2000016c    00000017   00000017    rw- .data


SECTION ALLOCATION MAP

 output                                  attributes/
section   page    origin      length       input sections
--------  ----  ----------  ----------   ----------------
.intvecs   0    00000000    0000026c     
                  00000000    0000026c     startup_ccs.obj (.intvecs)

.init_array 
*          0    00000000    00000000     UNINITIALIZED

.text      0    0000026c    00000cdc     
                  0000026c    00000308     uart_echo.obj (.text:UARTIntHandler)
                  00000574    000002e4     uart_echo.obj (.text:ADC_1_init)
                  00000858    00000210     uart_echo.obj (.text:uart2ssi_config)
                  00000a68    00000110     uart_echo.obj (.text:SSI1IntHandler)
                  00000b78    000000c8     driverlib.lib : sysctl.obj (.text:SysCtlClockGet)
                  00000c40    0000009c     rtsv7M4_T_le_v4SPD16_eabi.lib : memcpy_t2.obj (.text)
                  00000cdc    00000094                                   : auto_init.obj (.text)
                  00000d70    0000005e                                   : copy_decompress_rle.obj (.text)
                  00000dce    00000002     startup_ccs.obj (.text:FaultISR)
                  00000dd0    00000048     rtsv7M4_T_le_v4SPD16_eabi.lib : boot.obj (.text)
                  00000e18    00000044                                   : cpy_tbl.obj (.text)
                  00000e5c    00000040                                   : exit.obj (.text)
                  00000e9c    0000003c     uart_echo.obj (.text:main)
                  00000ed8    00000018     rtsv7M4_T_le_v4SPD16_eabi.lib : args_main.obj (.text)
                  00000ef0    00000014                                   : _lock.obj (.text)
                  00000f04    00000012                                   : copy_zero_init.obj (.text:decompress:ZI)
                  00000f16    0000000e                                   : copy_decompress_none.obj (.text:decompress:none)
                  00000f24    00000008     driverlib.lib : ssi.obj (.text:SSIBusy)
                  00000f2c    00000006                   : gpio.obj (.text:GPIOPinWrite)
                  00000f32    00000006     startup_ccs.obj (.text:ResetISR)
                  00000f38    00000006     driverlib.lib : sysctl.obj (.text:SysCtlDelay)
                  00000f3e    00000006     rtsv7M4_T_le_v4SPD16_eabi.lib : copy_decompress_rle.obj (.text:decompress:rle24)
                  00000f44    00000002     startup_ccs.obj (.text:IntDefaultHandler)
                  00000f46    00000002     startup_ccs.obj (.text:NmiSR)

.const     0    00000f48    0000006c     
                  00000f48    0000006c     driverlib.lib : sysctl.obj (.const:g_pui32Xtals)

.cinit     0    00000fb8    00000038     
                  00000fb8    0000000f     (.cinit..data.load) [load image, compression = rle]
                  00000fc7    00000001     --HOLE-- [fill = 0]
                  00000fc8    0000000c     (__TI_handler_table)
                  00000fd4    00000004     --HOLE-- [fill = 0]
                  00000fd8    00000008     (.cinit..bss.load) [load image, compression = zero_init]
                  00000fe0    00000010     (__TI_cinit_table)

.stack     0    20000000    00000100     UNINITIALIZED
                  20000000    00000100     --HOLE--

.bss       0    20000100    0000006c     UNINITIALIZED
                  20000100    0000006c     uart_echo.obj (.bss)

.data      0    2000016c    00000017     
                  2000016c    00000008     rtsv7M4_T_le_v4SPD16_eabi.lib : _lock.obj (.data)
                  20000174    00000008                                   : exit.obj (.data)
                  2000017c    00000004                                   : stkdepth_vars.obj (.data)
                  20000180    00000003     uart_echo.obj (.data)


LINKER GENERATED COPY TABLES

__TI_cinit_table @ 00000fe0 records: 2, size/record: 8, table size: 16
	.data: load addr=00000fb8, load size=0000000f bytes, run addr=2000016c, run size=00000017 bytes, compression=rle
	.bss: load addr=00000fd8, load size=00000008 bytes, run addr=20000100, run size=0000006c bytes, compression=zero_init


LINKER GENERATED HANDLER TABLE

__TI_handler_table @ 00000fc8 records: 3, size/record: 4, table size: 12
	index: 0, handler: __TI_decompress_rle24
	index: 1, handler: __TI_decompress_none
	index: 2, handler: __TI_zero_init


GLOBAL SYMBOLS: SORTED ALPHABETICALLY BY Name 

address    name
--------   ----
00000575   ADC_1_init
00000e5d   C$$EXIT
00000f2d   GPIOPinWrite
00000f33   ResetISR
UNDEFED    SHT$$INIT_ARRAY$$Base
UNDEFED    SHT$$INIT_ARRAY$$Limit
00000a69   SSI1IntHandler
00000f25   SSIBusy
00000b79   SysCtlClockGet
00000f39   SysCtlDelay
0000026d   UARTIntHandler
20000100   __STACK_END
00000100   __STACK_SIZE
20000100   __STACK_TOP
00000fe0   __TI_CINIT_Base
00000ff0   __TI_CINIT_Limit
00000fc8   __TI_Handler_Table_Base
00000fd4   __TI_Handler_Table_Limit
00000001   __TI_args_main
00000cdd   __TI_auto_init
00000f17   __TI_decompress_none
00000f3f   __TI_decompress_rle24
00000000   __TI_static_base__
00000f05   __TI_zero_init
00000c41   __aeabi_memcpy
00000c41   __aeabi_memcpy4
00000c41   __aeabi_memcpy8
ffffffff   __binit__
ffffffff   __c_args__
20000000   __stack
00000ed9   _args_main
00000dd1   _c_int00
20000174   _cleanup_ptr
20000178   _dtors_ptr
2000016c   _lock
00000eff   _nop
00000ef7   _register_lock
00000ef1   _register_unlock
20000170   _unlock
00000e61   abort
ffffffff   binit
00000e19   copy_in
00000e69   exit
00000000   g_pfnVectors
00000e9d   main
2000017c   main_func_sp
00000c41   memcpy
20000100   reset_flag_0
20000102   reset_flag_1
20000180   state
00000859   uart2ssi_config


GLOBAL SYMBOLS: SORTED BY Symbol Address 

address    name
--------   ----
00000000   __TI_static_base__
00000000   g_pfnVectors
00000001   __TI_args_main
00000100   __STACK_SIZE
0000026d   UARTIntHandler
00000575   ADC_1_init
00000859   uart2ssi_config
00000a69   SSI1IntHandler
00000b79   SysCtlClockGet
00000c41   __aeabi_memcpy
00000c41   __aeabi_memcpy4
00000c41   __aeabi_memcpy8
00000c41   memcpy
00000cdd   __TI_auto_init
00000dd1   _c_int00
00000e19   copy_in
00000e5d   C$$EXIT
00000e61   abort
00000e69   exit
00000e9d   main
00000ed9   _args_main
00000ef1   _register_unlock
00000ef7   _register_lock
00000eff   _nop
00000f05   __TI_zero_init
00000f17   __TI_decompress_none
00000f25   SSIBusy
00000f2d   GPIOPinWrite
00000f33   ResetISR
00000f39   SysCtlDelay
00000f3f   __TI_decompress_rle24
00000fc8   __TI_Handler_Table_Base
00000fd4   __TI_Handler_Table_Limit
00000fe0   __TI_CINIT_Base
00000ff0   __TI_CINIT_Limit
20000000   __stack
20000100   __STACK_END
20000100   __STACK_TOP
20000100   reset_flag_0
20000102   reset_flag_1
2000016c   _lock
20000170   _unlock
20000174   _cleanup_ptr
20000178   _dtors_ptr
2000017c   main_func_sp
20000180   state
ffffffff   __binit__
ffffffff   __c_args__
ffffffff   binit
UNDEFED    SHT$$INIT_ARRAY$$Base
UNDEFED    SHT$$INIT_ARRAY$$Limit

[51 symbols]
