<?xml version="1.0"?>
<link_info>
   <banner>TI ARM Linker PC v5.0.4</banner>
   <copyright>Copyright (c) 1996-2013 Texas Instruments Incorporated</copyright>
   <link_time>0x5499f399</link_time>
   <output_file>Uart2ssi DC R2.2.out</output_file>
   <entry_point>
      <name>_c_int00</name>
      <address>0x1711</address>
   </entry_point>
   <input_file_list>
      <input_file id="fl-2">
         <path>.\</path>
         <kind>object</kind>
         <file>uart_echo.obj</file>
         <name>uart_echo.obj</name>
      </input_file>
      <input_file id="fl-3">
         <path>.\</path>
         <kind>object</kind>
         <file>startup_ccs.obj</file>
         <name>startup_ccs.obj</name>
      </input_file>
      <input_file id="fl-131">
         <path>C:\ti\ccsv5\tools\compiler\arm_5.0.4\lib\</path>
         <kind>archive</kind>
         <file>rtsv7M4_T_le_v4SPD16_eabi.lib</file>
         <name>boot.obj</name>
      </input_file>
      <input_file id="fl-132">
         <path>C:\ti\ccsv5\tools\compiler\arm_5.0.4\lib\</path>
         <kind>archive</kind>
         <file>rtsv7M4_T_le_v4SPD16_eabi.lib</file>
         <name>copy_decompress_none.obj</name>
      </input_file>
      <input_file id="fl-133">
         <path>C:\ti\ccsv5\tools\compiler\arm_5.0.4\lib\</path>
         <kind>archive</kind>
         <file>rtsv7M4_T_le_v4SPD16_eabi.lib</file>
         <name>copy_decompress_rle.obj</name>
      </input_file>
      <input_file id="fl-134">
         <path>C:\ti\ccsv5\tools\compiler\arm_5.0.4\lib\</path>
         <kind>archive</kind>
         <file>rtsv7M4_T_le_v4SPD16_eabi.lib</file>
         <name>copy_zero_init.obj</name>
      </input_file>
      <input_file id="fl-135">
         <path>C:\ti\ccsv5\tools\compiler\arm_5.0.4\lib\</path>
         <kind>archive</kind>
         <file>rtsv7M4_T_le_v4SPD16_eabi.lib</file>
         <name>exit.obj</name>
      </input_file>
      <input_file id="fl-136">
         <path>C:\ti\ccsv5\tools\compiler\arm_5.0.4\lib\</path>
         <kind>archive</kind>
         <file>rtsv7M4_T_le_v4SPD16_eabi.lib</file>
         <name>memcpy_t2.obj</name>
      </input_file>
      <input_file id="fl-137">
         <path>C:\ti\ccsv5\tools\compiler\arm_5.0.4\lib\</path>
         <kind>archive</kind>
         <file>rtsv7M4_T_le_v4SPD16_eabi.lib</file>
         <name>memset_t2.obj</name>
      </input_file>
      <input_file id="fl-138">
         <path>C:\ti\ccsv5\tools\compiler\arm_5.0.4\lib\</path>
         <kind>archive</kind>
         <file>rtsv7M4_T_le_v4SPD16_eabi.lib</file>
         <name>stkdepth_vars.obj</name>
      </input_file>
      <input_file id="fl-139">
         <path>C:\ti\ccsv5\tools\compiler\arm_5.0.4\lib\</path>
         <kind>archive</kind>
         <file>rtsv7M4_T_le_v4SPD16_eabi.lib</file>
         <name>_lock.obj</name>
      </input_file>
      <input_file id="fl-13a">
         <path>C:\ti\ccsv5\tools\compiler\arm_5.0.4\lib\</path>
         <kind>archive</kind>
         <file>rtsv7M4_T_le_v4SPD16_eabi.lib</file>
         <name>args_main.obj</name>
      </input_file>
      <input_file id="fl-13b">
         <path>C:\ti\ccsv5\tools\compiler\arm_5.0.4\lib\</path>
         <kind>archive</kind>
         <file>rtsv7M4_T_le_v4SPD16_eabi.lib</file>
         <name>auto_init.obj</name>
      </input_file>
      <input_file id="fl-13c">
         <path>C:\ti\ccsv5\tools\compiler\arm_5.0.4\lib\</path>
         <kind>archive</kind>
         <file>rtsv7M4_T_le_v4SPD16_eabi.lib</file>
         <name>cpy_tbl.obj</name>
      </input_file>
      <input_file id="fl-13d">
         <path>C:\ti\TivaWare_C_Series-2.0.1.11577\examples\boards\ek-tm4c123gxl\uart_echo\ccs\..\..\..\..\..\driverlib\ccs\Debug\</path>
         <kind>archive</kind>
         <file>driverlib.lib</file>
         <name>systick.obj</name>
      </input_file>
      <input_file id="fl-13e">
         <path>C:\ti\TivaWare_C_Series-2.0.1.11577\examples\boards\ek-tm4c123gxl\uart_echo\ccs\..\..\..\..\..\driverlib\ccs\Debug\</path>
         <kind>archive</kind>
         <file>driverlib.lib</file>
         <name>sysctl.obj</name>
      </input_file>
      <input_file id="fl-13f">
         <path>C:\ti\TivaWare_C_Series-2.0.1.11577\examples\boards\ek-tm4c123gxl\uart_echo\ccs\..\..\..\..\..\driverlib\ccs\Debug\</path>
         <kind>archive</kind>
         <file>driverlib.lib</file>
         <name>ssi.obj</name>
      </input_file>
      <input_file id="fl-140">
         <path>C:\ti\TivaWare_C_Series-2.0.1.11577\examples\boards\ek-tm4c123gxl\uart_echo\ccs\..\..\..\..\..\driverlib\ccs\Debug\</path>
         <kind>archive</kind>
         <file>driverlib.lib</file>
         <name>interrupt.obj</name>
      </input_file>
      <input_file id="fl-141">
         <path>C:\ti\TivaWare_C_Series-2.0.1.11577\examples\boards\ek-tm4c123gxl\uart_echo\ccs\..\..\..\..\..\driverlib\ccs\Debug\</path>
         <kind>archive</kind>
         <file>driverlib.lib</file>
         <name>cpu.obj</name>
      </input_file>
      <input_file id="fl-142">
         <path>C:\ti\TivaWare_C_Series-2.0.1.11577\examples\boards\ek-tm4c123gxl\uart_echo\ccs\..\..\..\..\..\driverlib\ccs\Debug\</path>
         <kind>archive</kind>
         <file>driverlib.lib</file>
         <name>adc.obj</name>
      </input_file>
   </input_file_list>
   <object_component_list>
      <object_component id="oc-e">
         <name>.intvecs</name>
         <load_address>0x0</load_address>
         <run_address>0x0</run_address>
         <size>0x26c</size>
         <input_file_ref idref="fl-3"/>
      </object_component>
      <object_component id="oc-35">
         <name>.text:UARTIntHandler</name>
         <load_address>0x26c</load_address>
         <run_address>0x26c</run_address>
         <size>0x55c</size>
         <input_file_ref idref="fl-2"/>
      </object_component>
      <object_component id="oc-76">
         <name>.text:dPot_ctr</name>
         <load_address>0x7c8</load_address>
         <run_address>0x7c8</run_address>
         <size>0x260</size>
         <input_file_ref idref="fl-2"/>
      </object_component>
      <object_component id="oc-a9">
         <name>.text:main</name>
         <load_address>0xa28</load_address>
         <run_address>0xa28</run_address>
         <size>0x248</size>
         <input_file_ref idref="fl-2"/>
      </object_component>
      <object_component id="oc-106">
         <name>.text:uart2ssi_config</name>
         <load_address>0xc70</load_address>
         <run_address>0xc70</run_address>
         <size>0x23c</size>
         <input_file_ref idref="fl-2"/>
      </object_component>
      <object_component id="oc-7e">
         <name>.text:dPot_wp_ctr</name>
         <load_address>0xeac</load_address>
         <run_address>0xeac</run_address>
         <size>0xec</size>
         <input_file_ref idref="fl-2"/>
      </object_component>
      <object_component id="oc-7a">
         <name>.text:dPot_pr_ctr</name>
         <load_address>0xf98</load_address>
         <run_address>0xf98</run_address>
         <size>0xe4</size>
         <input_file_ref idref="fl-2"/>
      </object_component>
      <object_component id="oc-82">
         <name>.text:ADC_Sync</name>
         <load_address>0x107c</load_address>
         <run_address>0x107c</run_address>
         <size>0xe0</size>
         <input_file_ref idref="fl-2"/>
      </object_component>
      <object_component id="oc-f0">
         <name>.text:SysCtlClockGet</name>
         <load_address>0x115c</load_address>
         <run_address>0x115c</run_address>
         <size>0xc8</size>
         <input_file_ref idref="fl-13e"/>
      </object_component>
      <object_component id="oc-10a">
         <name>.text:ADC_init_a</name>
         <load_address>0x1224</load_address>
         <run_address>0x1224</run_address>
         <size>0xbc</size>
         <input_file_ref idref="fl-2"/>
      </object_component>
      <object_component id="oc-10e">
         <name>.text:ADC_init_b</name>
         <load_address>0x12e0</load_address>
         <run_address>0x12e0</run_address>
         <size>0xbc</size>
         <input_file_ref idref="fl-2"/>
      </object_component>
      <object_component id="oc-72">
         <name>.text:chip_select</name>
         <load_address>0x139c</load_address>
         <run_address>0x139c</run_address>
         <size>0x9c</size>
         <input_file_ref idref="fl-2"/>
      </object_component>
      <object_component id="oc-4b">
         <name>.text</name>
         <load_address>0x1438</load_address>
         <run_address>0x1438</run_address>
         <size>0x9c</size>
         <input_file_ref idref="fl-136"/>
      </object_component>
      <object_component id="oc-3c">
         <name>.text</name>
         <load_address>0x14d4</load_address>
         <run_address>0x14d4</run_address>
         <size>0x94</size>
         <input_file_ref idref="fl-13b"/>
      </object_component>
      <object_component id="oc-13e">
         <name>.text:ADCSoftwareOversampleStepConfigure</name>
         <load_address>0x1568</load_address>
         <run_address>0x1568</run_address>
         <size>0x7c</size>
         <input_file_ref idref="fl-142"/>
      </object_component>
      <object_component id="oc-102">
         <name>.text</name>
         <load_address>0x15e4</load_address>
         <run_address>0x15e4</run_address>
         <size>0x78</size>
         <input_file_ref idref="fl-137"/>
      </object_component>
      <object_component id="oc-5b">
         <name>.text</name>
         <load_address>0x165c</load_address>
         <run_address>0x165c</run_address>
         <size>0x5e</size>
         <input_file_ref idref="fl-133"/>
      </object_component>
      <object_component id="oc-29">
         <name>.text:FaultISR</name>
         <load_address>0x16ba</load_address>
         <run_address>0x16ba</run_address>
         <size>0x2</size>
         <input_file_ref idref="fl-3"/>
      </object_component>
      <object_component id="oc-89">
         <name>.text:detector_pCyc</name>
         <load_address>0x16bc</load_address>
         <run_address>0x16bc</run_address>
         <size>0x54</size>
         <input_file_ref idref="fl-2"/>
      </object_component>
      <object_component id="oc-10">
         <name>.text</name>
         <load_address>0x1710</load_address>
         <run_address>0x1710</run_address>
         <size>0x48</size>
         <input_file_ref idref="fl-131"/>
      </object_component>
      <object_component id="oc-a4">
         <name>.text</name>
         <load_address>0x1758</load_address>
         <run_address>0x1758</run_address>
         <size>0x44</size>
         <input_file_ref idref="fl-13c"/>
      </object_component>
      <object_component id="oc-44">
         <name>.text</name>
         <load_address>0x179c</load_address>
         <run_address>0x179c</run_address>
         <size>0x40</size>
         <input_file_ref idref="fl-135"/>
      </object_component>
      <object_component id="oc-92">
         <name>.text:ADCSoftwareOversampleDataGet</name>
         <load_address>0x17dc</load_address>
         <run_address>0x17dc</run_address>
         <size>0x34</size>
         <input_file_ref idref="fl-142"/>
      </object_component>
      <object_component id="oc-8e">
         <name>.text:wait</name>
         <load_address>0x1810</load_address>
         <run_address>0x1810</run_address>
         <size>0x1e</size>
         <input_file_ref idref="fl-2"/>
      </object_component>
      <object_component id="oc-2d">
         <name>.text:IntDefaultHandler</name>
         <load_address>0x182e</load_address>
         <run_address>0x182e</run_address>
         <size>0x2</size>
         <input_file_ref idref="fl-3"/>
      </object_component>
      <object_component id="oc-139">
         <name>.text:ADCSoftwareOversampleConfigure</name>
         <load_address>0x1830</load_address>
         <run_address>0x1830</run_address>
         <size>0x18</size>
         <input_file_ref idref="fl-142"/>
      </object_component>
      <object_component id="oc-31">
         <name>.text:SysTickIntHandler</name>
         <load_address>0x1848</load_address>
         <run_address>0x1848</run_address>
         <size>0x18</size>
         <input_file_ref idref="fl-2"/>
      </object_component>
      <object_component id="oc-40">
         <name>.text</name>
         <load_address>0x1860</load_address>
         <run_address>0x1860</run_address>
         <size>0x18</size>
         <input_file_ref idref="fl-13a"/>
      </object_component>
      <object_component id="oc-113">
         <name>.text</name>
         <load_address>0x1878</load_address>
         <run_address>0x1878</run_address>
         <size>0x14</size>
         <input_file_ref idref="fl-139"/>
      </object_component>
      <object_component id="oc-18">
         <name>.text:decompress:ZI</name>
         <load_address>0x188c</load_address>
         <run_address>0x188c</run_address>
         <size>0x12</size>
         <input_file_ref idref="fl-134"/>
      </object_component>
      <object_component id="oc-25">
         <name>.text:NmiSR</name>
         <load_address>0x189e</load_address>
         <run_address>0x189e</run_address>
         <size>0x2</size>
         <input_file_ref idref="fl-3"/>
      </object_component>
      <object_component id="oc-143">
         <name>.text:SysTickPeriodSet</name>
         <load_address>0x18a0</load_address>
         <run_address>0x18a0</run_address>
         <size>0x10</size>
         <input_file_ref idref="fl-13d"/>
      </object_component>
      <object_component id="oc-14">
         <name>.text:decompress:none</name>
         <load_address>0x18b0</load_address>
         <run_address>0x18b0</run_address>
         <size>0xe</size>
         <input_file_ref idref="fl-132"/>
      </object_component>
      <object_component id="oc-6d">
         <name>.text:SSIBusy</name>
         <load_address>0x18be</load_address>
         <run_address>0x18be</run_address>
         <size>0x8</size>
         <input_file_ref idref="fl-13f"/>
      </object_component>
      <object_component id="oc-21">
         <name>.text:ResetISR</name>
         <load_address>0x18c6</load_address>
         <run_address>0x18c6</run_address>
         <size>0x6</size>
         <input_file_ref idref="fl-3"/>
      </object_component>
      <object_component id="oc-ed">
         <name>.text:SysCtlDelay</name>
         <load_address>0x18cc</load_address>
         <run_address>0x18cc</run_address>
         <size>0x6</size>
         <input_file_ref idref="fl-13e"/>
      </object_component>
      <object_component id="oc-1c">
         <name>.text:decompress:rle24</name>
         <load_address>0x18d2</load_address>
         <run_address>0x18d2</run_address>
         <size>0x6</size>
         <input_file_ref idref="fl-133"/>
      </object_component>
      <object_component id="oc-123">
         <name>.const:g_pui32Xtals</name>
         <load_address>0x18d8</load_address>
         <run_address>0x18d8</run_address>
         <size>0x6c</size>
         <input_file_ref idref="fl-13e"/>
      </object_component>
      <object_component id="oc-17c">
         <name>.cinit..data.load</name>
         <load_address>0x1948</load_address>
         <run_address>0x1948</run_address>
         <size>0x16</size>
      </object_component>
      <object_component id="oc-17a">
         <name>__TI_handler_table</name>
         <load_address>0x1960</load_address>
         <run_address>0x1960</run_address>
         <size>0xc</size>
      </object_component>
      <object_component id="oc-17d">
         <name>.cinit..bss.load</name>
         <load_address>0x1970</load_address>
         <run_address>0x1970</run_address>
         <size>0x8</size>
      </object_component>
      <object_component id="oc-17b">
         <name>__TI_cinit_table</name>
         <load_address>0x1978</load_address>
         <run_address>0x1978</run_address>
         <size>0x10</size>
      </object_component>
      <object_component id="oc-48">
         <name>.data</name>
         <load_address>0x20000220</load_address>
         <run_address>0x20000220</run_address>
         <size>0x4</size>
         <input_file_ref idref="fl-138"/>
      </object_component>
      <object_component id="oc-6a">
         <name>.data</name>
         <load_address>0x200001fc</load_address>
         <run_address>0x200001fc</run_address>
         <size>0x14</size>
         <input_file_ref idref="fl-2"/>
      </object_component>
      <object_component id="oc-b3">
         <name>.data</name>
         <load_address>0x20000210</load_address>
         <run_address>0x20000210</run_address>
         <size>0x8</size>
         <input_file_ref idref="fl-139"/>
      </object_component>
      <object_component id="oc-b5">
         <name>.data</name>
         <load_address>0x20000218</load_address>
         <run_address>0x20000218</run_address>
         <size>0x8</size>
         <input_file_ref idref="fl-135"/>
      </object_component>
      <object_component id="oc-86">
         <name>.bss</name>
         <uninitialized>true</uninitialized>
         <run_address>0x20000100</run_address>
         <size>0x78</size>
         <input_file_ref idref="fl-2"/>
      </object_component>
      <object_component id="oc-88">
         <name>.bss:udata$1</name>
         <uninitialized>true</uninitialized>
         <run_address>0x200001b8</run_address>
         <size>0x40</size>
         <input_file_ref idref="fl-2"/>
      </object_component>
      <object_component id="oc-8d">
         <name>.bss:dead_buf$5</name>
         <uninitialized>true</uninitialized>
         <run_address>0x20000178</run_address>
         <size>0x40</size>
         <input_file_ref idref="fl-2"/>
      </object_component>
      <object_component id="oc-fc">
         <name>.bss</name>
         <uninitialized>true</uninitialized>
         <run_address>0x200001f8</run_address>
         <size>0x4</size>
         <input_file_ref idref="fl-142"/>
      </object_component>
      <object_component id="oc-20">
         <name>.stack</name>
         <uninitialized>true</uninitialized>
         <run_address>0x20000000</run_address>
         <size>0x0</size>
         <input_file_ref idref="fl-131"/>
      </object_component>
      <object_component id="oc-17e">
         <name>.stack</name>
         <uninitialized>true</uninitialized>
         <run_address>0x20000000</run_address>
         <size>0x0</size>
      </object_component>
      <object_component id="oc-f">
         <name>.debug_info</name>
         <load_address>0x0</load_address>
         <run_address>0x0</run_address>
         <size>0xdf</size>
         <input_file_ref idref="fl-3"/>
      </object_component>
      <object_component id="oc-11">
         <name>.debug_info</name>
         <load_address>0xdf</load_address>
         <run_address>0xdf</run_address>
         <size>0xf4</size>
         <input_file_ref idref="fl-131"/>
      </object_component>
      <object_component id="oc-15">
         <name>.debug_info</name>
         <load_address>0x1d3</load_address>
         <run_address>0x1d3</run_address>
         <size>0x159</size>
         <input_file_ref idref="fl-132"/>
      </object_component>
      <object_component id="oc-19">
         <name>.debug_info</name>
         <load_address>0x32c</load_address>
         <run_address>0x32c</run_address>
         <size>0x193</size>
         <input_file_ref idref="fl-134"/>
      </object_component>
      <object_component id="oc-1d">
         <name>.debug_info</name>
         <load_address>0x4bf</load_address>
         <run_address>0x4bf</run_address>
         <size>0x16a</size>
         <input_file_ref idref="fl-133"/>
      </object_component>
      <object_component id="oc-22">
         <name>.debug_info</name>
         <load_address>0x629</load_address>
         <run_address>0x629</run_address>
         <size>0x113</size>
         <input_file_ref idref="fl-3"/>
      </object_component>
      <object_component id="oc-26">
         <name>.debug_info</name>
         <load_address>0x73c</load_address>
         <run_address>0x73c</run_address>
         <size>0x171</size>
         <input_file_ref idref="fl-3"/>
      </object_component>
      <object_component id="oc-2a">
         <name>.debug_info</name>
         <load_address>0x8ad</load_address>
         <run_address>0x8ad</run_address>
         <size>0x177</size>
         <input_file_ref idref="fl-3"/>
      </object_component>
      <object_component id="oc-2e">
         <name>.debug_info</name>
         <load_address>0xa24</load_address>
         <run_address>0xa24</run_address>
         <size>0x189</size>
         <input_file_ref idref="fl-3"/>
      </object_component>
      <object_component id="oc-32">
         <name>.debug_info</name>
         <load_address>0xbad</load_address>
         <run_address>0xbad</run_address>
         <size>0x122</size>
         <input_file_ref idref="fl-2"/>
      </object_component>
      <object_component id="oc-36">
         <name>.debug_info</name>
         <load_address>0xccf</load_address>
         <run_address>0xccf</run_address>
         <size>0xbcf</size>
         <input_file_ref idref="fl-2"/>
      </object_component>
      <object_component id="oc-3b">
         <name>.debug_info</name>
         <load_address>0x189e</load_address>
         <run_address>0x189e</run_address>
         <size>0x148</size>
         <input_file_ref idref="fl-3"/>
      </object_component>
      <object_component id="oc-3d">
         <name>.debug_info</name>
         <load_address>0x19e6</load_address>
         <run_address>0x19e6</run_address>
         <size>0x13f</size>
         <input_file_ref idref="fl-13b"/>
      </object_component>
      <object_component id="oc-41">
         <name>.debug_info</name>
         <load_address>0x1b25</load_address>
         <run_address>0x1b25</run_address>
         <size>0xfe</size>
         <input_file_ref idref="fl-13a"/>
      </object_component>
      <object_component id="oc-45">
         <name>.debug_info</name>
         <load_address>0x1c23</load_address>
         <run_address>0x1c23</run_address>
         <size>0x205</size>
         <input_file_ref idref="fl-135"/>
      </object_component>
      <object_component id="oc-49">
         <name>.debug_info</name>
         <load_address>0x1e28</load_address>
         <run_address>0x1e28</run_address>
         <size>0xbe</size>
         <input_file_ref idref="fl-138"/>
      </object_component>
      <object_component id="oc-4c">
         <name>.debug_info</name>
         <load_address>0x1ee6</load_address>
         <run_address>0x1ee6</run_address>
         <size>0xcd</size>
         <input_file_ref idref="fl-136"/>
      </object_component>
      <object_component id="oc-50">
         <name>.debug_info</name>
         <load_address>0x1fb3</load_address>
         <run_address>0x1fb3</run_address>
         <size>0x46</size>
         <input_file_ref idref="fl-132"/>
      </object_component>
      <object_component id="oc-56">
         <name>.debug_info</name>
         <load_address>0x1ff9</load_address>
         <run_address>0x1ff9</run_address>
         <size>0x46</size>
         <input_file_ref idref="fl-134"/>
      </object_component>
      <object_component id="oc-5c">
         <name>.debug_info</name>
         <load_address>0x203f</load_address>
         <run_address>0x203f</run_address>
         <size>0x318</size>
         <input_file_ref idref="fl-133"/>
      </object_component>
      <object_component id="oc-60">
         <name>.debug_info</name>
         <load_address>0x2357</load_address>
         <run_address>0x2357</run_address>
         <size>0xb2</size>
         <input_file_ref idref="fl-133"/>
      </object_component>
      <object_component id="oc-61">
         <name>.debug_info</name>
         <load_address>0x2409</load_address>
         <run_address>0x2409</run_address>
         <size>0x39</size>
         <input_file_ref idref="fl-133"/>
      </object_component>
      <object_component id="oc-6b">
         <name>.debug_info</name>
         <load_address>0x2442</load_address>
         <run_address>0x2442</run_address>
         <size>0x14a</size>
         <input_file_ref idref="fl-2"/>
      </object_component>
      <object_component id="oc-6e">
         <name>.debug_info</name>
         <load_address>0x258c</load_address>
         <run_address>0x258c</run_address>
         <size>0x1a6</size>
         <input_file_ref idref="fl-13f"/>
      </object_component>
      <object_component id="oc-73">
         <name>.debug_info</name>
         <load_address>0x2732</load_address>
         <run_address>0x2732</run_address>
         <size>0x158</size>
         <input_file_ref idref="fl-2"/>
      </object_component>
      <object_component id="oc-77">
         <name>.debug_info</name>
         <load_address>0x288a</load_address>
         <run_address>0x288a</run_address>
         <size>0x635</size>
         <input_file_ref idref="fl-2"/>
      </object_component>
      <object_component id="oc-7b">
         <name>.debug_info</name>
         <load_address>0x2ebf</load_address>
         <run_address>0x2ebf</run_address>
         <size>0x47f</size>
         <input_file_ref idref="fl-2"/>
      </object_component>
      <object_component id="oc-7f">
         <name>.debug_info</name>
         <load_address>0x333e</load_address>
         <run_address>0x333e</run_address>
         <size>0x494</size>
         <input_file_ref idref="fl-2"/>
      </object_component>
      <object_component id="oc-83">
         <name>.debug_info</name>
         <load_address>0x37d2</load_address>
         <run_address>0x37d2</run_address>
         <size>0x316</size>
         <input_file_ref idref="fl-2"/>
      </object_component>
      <object_component id="oc-87">
         <name>.debug_info</name>
         <load_address>0x3ae8</load_address>
         <run_address>0x3ae8</run_address>
         <size>0x1a6</size>
         <input_file_ref idref="fl-2"/>
      </object_component>
      <object_component id="oc-8a">
         <name>.debug_info</name>
         <load_address>0x3c8e</load_address>
         <run_address>0x3c8e</run_address>
         <size>0x15e</size>
         <input_file_ref idref="fl-2"/>
      </object_component>
      <object_component id="oc-8f">
         <name>.debug_info</name>
         <load_address>0x3dec</load_address>
         <run_address>0x3dec</run_address>
         <size>0x1a8</size>
         <input_file_ref idref="fl-2"/>
      </object_component>
      <object_component id="oc-93">
         <name>.debug_info</name>
         <load_address>0x3f94</load_address>
         <run_address>0x3f94</run_address>
         <size>0x3d3</size>
         <input_file_ref idref="fl-142"/>
      </object_component>
      <object_component id="oc-9a">
         <name>.debug_info</name>
         <load_address>0x4367</load_address>
         <run_address>0x4367</run_address>
         <size>0x89</size>
         <input_file_ref idref="fl-3"/>
      </object_component>
      <object_component id="oc-9f">
         <name>.debug_info</name>
         <load_address>0x43f0</load_address>
         <run_address>0x43f0</run_address>
         <size>0x18b</size>
         <input_file_ref idref="fl-2"/>
      </object_component>
      <object_component id="oc-a5">
         <name>.debug_info</name>
         <load_address>0x457b</load_address>
         <run_address>0x457b</run_address>
         <size>0x191</size>
         <input_file_ref idref="fl-13c"/>
      </object_component>
      <object_component id="oc-aa">
         <name>.debug_info</name>
         <load_address>0x470c</load_address>
         <run_address>0x470c</run_address>
         <size>0x88d</size>
         <input_file_ref idref="fl-2"/>
      </object_component>
      <object_component id="oc-ae">
         <name>.debug_info</name>
         <load_address>0x4f99</load_address>
         <run_address>0x4f99</run_address>
         <size>0x90</size>
         <input_file_ref idref="fl-13a"/>
      </object_component>
      <object_component id="oc-b4">
         <name>.debug_info</name>
         <load_address>0x5029</load_address>
         <run_address>0x5029</run_address>
         <size>0xc8</size>
         <input_file_ref idref="fl-139"/>
      </object_component>
      <object_component id="oc-b6">
         <name>.debug_info</name>
         <load_address>0x50f1</load_address>
         <run_address>0x50f1</run_address>
         <size>0xdb</size>
         <input_file_ref idref="fl-135"/>
      </object_component>
      <object_component id="oc-b8">
         <name>.debug_info</name>
         <load_address>0x51cc</load_address>
         <run_address>0x51cc</run_address>
         <size>0x89</size>
         <input_file_ref idref="fl-132"/>
      </object_component>
      <object_component id="oc-bf">
         <name>.debug_info</name>
         <load_address>0x5255</load_address>
         <run_address>0x5255</run_address>
         <size>0x83</size>
         <input_file_ref idref="fl-138"/>
      </object_component>
      <object_component id="oc-c5">
         <name>.debug_info</name>
         <load_address>0x52d8</load_address>
         <run_address>0x52d8</run_address>
         <size>0x46</size>
         <input_file_ref idref="fl-132"/>
      </object_component>
      <object_component id="oc-ca">
         <name>.debug_info</name>
         <load_address>0x531e</load_address>
         <run_address>0x531e</run_address>
         <size>0xe8</size>
         <input_file_ref idref="fl-132"/>
      </object_component>
      <object_component id="oc-cb">
         <name>.debug_info</name>
         <load_address>0x5406</load_address>
         <run_address>0x5406</run_address>
         <size>0x2c</size>
         <input_file_ref idref="fl-133"/>
      </object_component>
      <object_component id="oc-d0">
         <name>.debug_info</name>
         <load_address>0x5432</load_address>
         <run_address>0x5432</run_address>
         <size>0xa8</size>
         <input_file_ref idref="fl-134"/>
      </object_component>
      <object_component id="oc-d2">
         <name>.debug_info</name>
         <load_address>0x54da</load_address>
         <run_address>0x54da</run_address>
         <size>0x84</size>
         <input_file_ref idref="fl-133"/>
      </object_component>
      <object_component id="oc-db">
         <name>.debug_info</name>
         <load_address>0x555e</load_address>
         <run_address>0x555e</run_address>
         <size>0x90</size>
         <input_file_ref idref="fl-2"/>
      </object_component>
      <object_component id="oc-e1">
         <name>.debug_info</name>
         <load_address>0x55ee</load_address>
         <run_address>0x55ee</run_address>
         <size>0x90</size>
         <input_file_ref idref="fl-13d"/>
      </object_component>
      <object_component id="oc-e6">
         <name>.debug_info</name>
         <load_address>0x567e</load_address>
         <run_address>0x567e</run_address>
         <size>0x18b</size>
         <input_file_ref idref="fl-13d"/>
      </object_component>
      <object_component id="oc-eb">
         <name>.debug_info</name>
         <load_address>0x5809</load_address>
         <run_address>0x5809</run_address>
         <size>0x1c3</size>
         <input_file_ref idref="fl-13f"/>
      </object_component>
      <object_component id="oc-f1">
         <name>.debug_info</name>
         <load_address>0x59cc</load_address>
         <run_address>0x59cc</run_address>
         <size>0x202</size>
         <input_file_ref idref="fl-13e"/>
      </object_component>
      <object_component id="oc-f9">
         <name>.debug_info</name>
         <load_address>0x5bce</load_address>
         <run_address>0x5bce</run_address>
         <size>0x4db</size>
         <input_file_ref idref="fl-2"/>
      </object_component>
      <object_component id="oc-fd">
         <name>.debug_info</name>
         <load_address>0x60a9</load_address>
         <run_address>0x60a9</run_address>
         <size>0x110</size>
         <input_file_ref idref="fl-142"/>
      </object_component>
      <object_component id="oc-ff">
         <name>.debug_info</name>
         <load_address>0x61b9</load_address>
         <run_address>0x61b9</run_address>
         <size>0x1a3</size>
         <input_file_ref idref="fl-142"/>
      </object_component>
      <object_component id="oc-101">
         <name>.debug_info</name>
         <load_address>0x635c</load_address>
         <run_address>0x635c</run_address>
         <size>0x143</size>
         <input_file_ref idref="fl-13c"/>
      </object_component>
      <object_component id="oc-103">
         <name>.debug_info</name>
         <load_address>0x649f</load_address>
         <run_address>0x649f</run_address>
         <size>0xfe</size>
         <input_file_ref idref="fl-137"/>
      </object_component>
      <object_component id="oc-107">
         <name>.debug_info</name>
         <load_address>0x659d</load_address>
         <run_address>0x659d</run_address>
         <size>0x305</size>
         <input_file_ref idref="fl-2"/>
      </object_component>
      <object_component id="oc-10b">
         <name>.debug_info</name>
         <load_address>0x68a2</load_address>
         <run_address>0x68a2</run_address>
         <size>0x3e3</size>
         <input_file_ref idref="fl-2"/>
      </object_component>
      <object_component id="oc-10f">
         <name>.debug_info</name>
         <load_address>0x6c85</load_address>
         <run_address>0x6c85</run_address>
         <size>0x3e3</size>
         <input_file_ref idref="fl-2"/>
      </object_component>
      <object_component id="oc-114">
         <name>.debug_info</name>
         <load_address>0x7068</load_address>
         <run_address>0x7068</run_address>
         <size>0x1ba</size>
         <input_file_ref idref="fl-139"/>
      </object_component>
      <object_component id="oc-119">
         <name>.debug_info</name>
         <load_address>0x7222</load_address>
         <run_address>0x7222</run_address>
         <size>0xd4</size>
         <input_file_ref idref="fl-139"/>
      </object_component>
      <object_component id="oc-11c">
         <name>.debug_info</name>
         <load_address>0x72f6</load_address>
         <run_address>0x72f6</run_address>
         <size>0x131</size>
         <input_file_ref idref="fl-135"/>
      </object_component>
      <object_component id="oc-124">
         <name>.debug_info</name>
         <load_address>0x7427</load_address>
         <run_address>0x7427</run_address>
         <size>0xff</size>
         <input_file_ref idref="fl-13e"/>
      </object_component>
      <object_component id="oc-128">
         <name>.debug_info</name>
         <load_address>0x7526</load_address>
         <run_address>0x7526</run_address>
         <size>0x6bd</size>
         <input_file_ref idref="fl-2"/>
      </object_component>
      <object_component id="oc-133">
         <name>.debug_info</name>
         <load_address>0x7be3</load_address>
         <run_address>0x7be3</run_address>
         <size>0xcd</size>
         <input_file_ref idref="fl-13c"/>
      </object_component>
      <object_component id="oc-13a">
         <name>.debug_info</name>
         <load_address>0x7cb0</load_address>
         <run_address>0x7cb0</run_address>
         <size>0x2e8</size>
         <input_file_ref idref="fl-142"/>
      </object_component>
      <object_component id="oc-13f">
         <name>.debug_info</name>
         <load_address>0x7f98</load_address>
         <run_address>0x7f98</run_address>
         <size>0x329</size>
         <input_file_ref idref="fl-142"/>
      </object_component>
      <object_component id="oc-144">
         <name>.debug_info</name>
         <load_address>0x82c1</load_address>
         <run_address>0x82c1</run_address>
         <size>0x1c5</size>
         <input_file_ref idref="fl-13d"/>
      </object_component>
      <object_component id="oc-152">
         <name>.debug_info</name>
         <load_address>0x8486</load_address>
         <run_address>0x8486</run_address>
         <size>0x226</size>
         <input_file_ref idref="fl-13e"/>
      </object_component>
      <object_component id="oc-156">
         <name>.debug_info</name>
         <load_address>0x86ac</load_address>
         <run_address>0x86ac</run_address>
         <size>0x144</size>
         <input_file_ref idref="fl-13d"/>
      </object_component>
      <object_component id="oc-159">
         <name>.debug_info</name>
         <load_address>0x87f0</load_address>
         <run_address>0x87f0</run_address>
         <size>0x5f</size>
         <input_file_ref idref="fl-13e"/>
      </object_component>
      <object_component id="oc-17f">
         <name>.debug_info</name>
         <load_address>0x884f</load_address>
         <run_address>0x884f</run_address>
         <size>0xa6</size>
      </object_component>
      <object_component id="oc-12">
         <name>.debug_line</name>
         <load_address>0x0</load_address>
         <run_address>0x0</run_address>
         <size>0x4f</size>
         <input_file_ref idref="fl-131"/>
      </object_component>
      <object_component id="oc-16">
         <name>.debug_line</name>
         <load_address>0x4f</load_address>
         <run_address>0x4f</run_address>
         <size>0x4d</size>
         <input_file_ref idref="fl-132"/>
      </object_component>
      <object_component id="oc-1a">
         <name>.debug_line</name>
         <load_address>0x9c</load_address>
         <run_address>0x9c</run_address>
         <size>0x4c</size>
         <input_file_ref idref="fl-134"/>
      </object_component>
      <object_component id="oc-1e">
         <name>.debug_line</name>
         <load_address>0xe8</load_address>
         <run_address>0xe8</run_address>
         <size>0x4c</size>
         <input_file_ref idref="fl-133"/>
      </object_component>
      <object_component id="oc-23">
         <name>.debug_line</name>
         <load_address>0x134</load_address>
         <run_address>0x134</run_address>
         <size>0x47</size>
         <input_file_ref idref="fl-3"/>
      </object_component>
      <object_component id="oc-27">
         <name>.debug_line</name>
         <load_address>0x17b</load_address>
         <run_address>0x17b</run_address>
         <size>0x4a</size>
         <input_file_ref idref="fl-3"/>
      </object_component>
      <object_component id="oc-2b">
         <name>.debug_line</name>
         <load_address>0x1c5</load_address>
         <run_address>0x1c5</run_address>
         <size>0x4a</size>
         <input_file_ref idref="fl-3"/>
      </object_component>
      <object_component id="oc-2f">
         <name>.debug_line</name>
         <load_address>0x20f</load_address>
         <run_address>0x20f</run_address>
         <size>0x4a</size>
         <input_file_ref idref="fl-3"/>
      </object_component>
      <object_component id="oc-33">
         <name>.debug_line</name>
         <load_address>0x259</load_address>
         <run_address>0x259</run_address>
         <size>0x45</size>
         <input_file_ref idref="fl-2"/>
      </object_component>
      <object_component id="oc-37">
         <name>.debug_line</name>
         <load_address>0x29e</load_address>
         <run_address>0x29e</run_address>
         <size>0x87</size>
         <input_file_ref idref="fl-2"/>
      </object_component>
      <object_component id="oc-3a">
         <name>.debug_line</name>
         <load_address>0x325</load_address>
         <run_address>0x325</run_address>
         <size>0x34</size>
         <input_file_ref idref="fl-3"/>
      </object_component>
      <object_component id="oc-3e">
         <name>.debug_line</name>
         <load_address>0x359</load_address>
         <run_address>0x359</run_address>
         <size>0x87</size>
         <input_file_ref idref="fl-13b"/>
      </object_component>
      <object_component id="oc-42">
         <name>.debug_line</name>
         <load_address>0x3e0</load_address>
         <run_address>0x3e0</run_address>
         <size>0x42</size>
         <input_file_ref idref="fl-13a"/>
      </object_component>
      <object_component id="oc-46">
         <name>.debug_line</name>
         <load_address>0x422</load_address>
         <run_address>0x422</run_address>
         <size>0x71</size>
         <input_file_ref idref="fl-135"/>
      </object_component>
      <object_component id="oc-4d">
         <name>.debug_line</name>
         <load_address>0x493</load_address>
         <run_address>0x493</run_address>
         <size>0x88</size>
         <input_file_ref idref="fl-136"/>
      </object_component>
      <object_component id="oc-52">
         <name>.debug_line</name>
         <load_address>0x51b</load_address>
         <run_address>0x51b</run_address>
         <size>0x3a</size>
         <input_file_ref idref="fl-132"/>
      </object_component>
      <object_component id="oc-58">
         <name>.debug_line</name>
         <load_address>0x555</load_address>
         <run_address>0x555</run_address>
         <size>0x34</size>
         <input_file_ref idref="fl-134"/>
      </object_component>
      <object_component id="oc-5d">
         <name>.debug_line</name>
         <load_address>0x589</load_address>
         <run_address>0x589</run_address>
         <size>0x58</size>
         <input_file_ref idref="fl-133"/>
      </object_component>
      <object_component id="oc-63">
         <name>.debug_line</name>
         <load_address>0x5e1</load_address>
         <run_address>0x5e1</run_address>
         <size>0x39</size>
         <input_file_ref idref="fl-133"/>
      </object_component>
      <object_component id="oc-6f">
         <name>.debug_line</name>
         <load_address>0x61a</load_address>
         <run_address>0x61a</run_address>
         <size>0x6a</size>
         <input_file_ref idref="fl-13f"/>
      </object_component>
      <object_component id="oc-74">
         <name>.debug_line</name>
         <load_address>0x684</load_address>
         <run_address>0x684</run_address>
         <size>0x49</size>
         <input_file_ref idref="fl-2"/>
      </object_component>
      <object_component id="oc-78">
         <name>.debug_line</name>
         <load_address>0x6cd</load_address>
         <run_address>0x6cd</run_address>
         <size>0x71</size>
         <input_file_ref idref="fl-2"/>
      </object_component>
      <object_component id="oc-7c">
         <name>.debug_line</name>
         <load_address>0x73e</load_address>
         <run_address>0x73e</run_address>
         <size>0x51</size>
         <input_file_ref idref="fl-2"/>
      </object_component>
      <object_component id="oc-80">
         <name>.debug_line</name>
         <load_address>0x78f</load_address>
         <run_address>0x78f</run_address>
         <size>0x53</size>
         <input_file_ref idref="fl-2"/>
      </object_component>
      <object_component id="oc-84">
         <name>.debug_line</name>
         <load_address>0x7e2</load_address>
         <run_address>0x7e2</run_address>
         <size>0x4f</size>
         <input_file_ref idref="fl-2"/>
      </object_component>
      <object_component id="oc-8b">
         <name>.debug_line</name>
         <load_address>0x831</load_address>
         <run_address>0x831</run_address>
         <size>0x49</size>
         <input_file_ref idref="fl-2"/>
      </object_component>
      <object_component id="oc-90">
         <name>.debug_line</name>
         <load_address>0x87a</load_address>
         <run_address>0x87a</run_address>
         <size>0x4c</size>
         <input_file_ref idref="fl-2"/>
      </object_component>
      <object_component id="oc-94">
         <name>.debug_line</name>
         <load_address>0x8c6</load_address>
         <run_address>0x8c6</run_address>
         <size>0x8d</size>
         <input_file_ref idref="fl-142"/>
      </object_component>
      <object_component id="oc-99">
         <name>.debug_line</name>
         <load_address>0x953</load_address>
         <run_address>0x953</run_address>
         <size>0x34</size>
         <input_file_ref idref="fl-3"/>
      </object_component>
      <object_component id="oc-9c">
         <name>.debug_line</name>
         <load_address>0x987</load_address>
         <run_address>0x987</run_address>
         <size>0x20</size>
         <input_file_ref idref="fl-3"/>
      </object_component>
      <object_component id="oc-a1">
         <name>.debug_line</name>
         <load_address>0x9a7</load_address>
         <run_address>0x9a7</run_address>
         <size>0x59</size>
         <input_file_ref idref="fl-2"/>
      </object_component>
      <object_component id="oc-a6">
         <name>.debug_line</name>
         <load_address>0xa00</load_address>
         <run_address>0xa00</run_address>
         <size>0x43</size>
         <input_file_ref idref="fl-13c"/>
      </object_component>
      <object_component id="oc-ab">
         <name>.debug_line</name>
         <load_address>0xa43</load_address>
         <run_address>0xa43</run_address>
         <size>0x64</size>
         <input_file_ref idref="fl-2"/>
      </object_component>
      <object_component id="oc-b0">
         <name>.debug_line</name>
         <load_address>0xaa7</load_address>
         <run_address>0xaa7</run_address>
         <size>0x20</size>
         <input_file_ref idref="fl-13a"/>
      </object_component>
      <object_component id="oc-ba">
         <name>.debug_line</name>
         <load_address>0xac7</load_address>
         <run_address>0xac7</run_address>
         <size>0x20</size>
         <input_file_ref idref="fl-132"/>
      </object_component>
      <object_component id="oc-be">
         <name>.debug_line</name>
         <load_address>0xae7</load_address>
         <run_address>0xae7</run_address>
         <size>0x33</size>
         <input_file_ref idref="fl-138"/>
      </object_component>
      <object_component id="oc-c1">
         <name>.debug_line</name>
         <load_address>0xb1a</load_address>
         <run_address>0xb1a</run_address>
         <size>0x20</size>
         <input_file_ref idref="fl-138"/>
      </object_component>
      <object_component id="oc-c7">
         <name>.debug_line</name>
         <load_address>0xb3a</load_address>
         <run_address>0xb3a</run_address>
         <size>0x44</size>
         <input_file_ref idref="fl-132"/>
      </object_component>
      <object_component id="oc-cd">
         <name>.debug_line</name>
         <load_address>0xb7e</load_address>
         <run_address>0xb7e</run_address>
         <size>0x44</size>
         <input_file_ref idref="fl-133"/>
      </object_component>
      <object_component id="oc-d4">
         <name>.debug_line</name>
         <load_address>0xbc2</load_address>
         <run_address>0xbc2</run_address>
         <size>0x20</size>
         <input_file_ref idref="fl-133"/>
      </object_component>
      <object_component id="oc-d8">
         <name>.debug_line</name>
         <load_address>0xbe2</load_address>
         <run_address>0xbe2</run_address>
         <size>0x20</size>
         <input_file_ref idref="fl-133"/>
      </object_component>
      <object_component id="oc-da">
         <name>.debug_line</name>
         <load_address>0xc02</load_address>
         <run_address>0xc02</run_address>
         <size>0x31</size>
         <input_file_ref idref="fl-2"/>
      </object_component>
      <object_component id="oc-dd">
         <name>.debug_line</name>
         <load_address>0xc33</load_address>
         <run_address>0xc33</run_address>
         <size>0x20</size>
         <input_file_ref idref="fl-2"/>
      </object_component>
      <object_component id="oc-e3">
         <name>.debug_line</name>
         <load_address>0xc53</load_address>
         <run_address>0xc53</run_address>
         <size>0x20</size>
         <input_file_ref idref="fl-13d"/>
      </object_component>
      <object_component id="oc-e8">
         <name>.debug_line</name>
         <load_address>0xc73</load_address>
         <run_address>0xc73</run_address>
         <size>0x5e</size>
         <input_file_ref idref="fl-13d"/>
      </object_component>
      <object_component id="oc-f2">
         <name>.debug_line</name>
         <load_address>0xcd1</load_address>
         <run_address>0xcd1</run_address>
         <size>0xc8</size>
         <input_file_ref idref="fl-13e"/>
      </object_component>
      <object_component id="oc-f8">
         <name>.debug_line</name>
         <load_address>0xd99</load_address>
         <run_address>0xd99</run_address>
         <size>0x31</size>
         <input_file_ref idref="fl-2"/>
      </object_component>
      <object_component id="oc-104">
         <name>.debug_line</name>
         <load_address>0xdca</load_address>
         <run_address>0xdca</run_address>
         <size>0x79</size>
         <input_file_ref idref="fl-137"/>
      </object_component>
      <object_component id="oc-108">
         <name>.debug_line</name>
         <load_address>0xe43</load_address>
         <run_address>0xe43</run_address>
         <size>0x4b</size>
         <input_file_ref idref="fl-2"/>
      </object_component>
      <object_component id="oc-10c">
         <name>.debug_line</name>
         <load_address>0xe8e</load_address>
         <run_address>0xe8e</run_address>
         <size>0x5d</size>
         <input_file_ref idref="fl-2"/>
      </object_component>
      <object_component id="oc-110">
         <name>.debug_line</name>
         <load_address>0xeeb</load_address>
         <run_address>0xeeb</run_address>
         <size>0x5c</size>
         <input_file_ref idref="fl-2"/>
      </object_component>
      <object_component id="oc-115">
         <name>.debug_line</name>
         <load_address>0xf47</load_address>
         <run_address>0xf47</run_address>
         <size>0x60</size>
         <input_file_ref idref="fl-139"/>
      </object_component>
      <object_component id="oc-118">
         <name>.debug_line</name>
         <load_address>0xfa7</load_address>
         <run_address>0xfa7</run_address>
         <size>0x2b</size>
         <input_file_ref idref="fl-139"/>
      </object_component>
      <object_component id="oc-11b">
         <name>.debug_line</name>
         <load_address>0xfd2</load_address>
         <run_address>0xfd2</run_address>
         <size>0x2a</size>
         <input_file_ref idref="fl-135"/>
      </object_component>
      <object_component id="oc-11e">
         <name>.debug_line</name>
         <load_address>0xffc</load_address>
         <run_address>0xffc</run_address>
         <size>0x20</size>
         <input_file_ref idref="fl-132"/>
      </object_component>
      <object_component id="oc-120">
         <name>.debug_line</name>
         <load_address>0x101c</load_address>
         <run_address>0x101c</run_address>
         <size>0x20</size>
         <input_file_ref idref="fl-134"/>
      </object_component>
      <object_component id="oc-122">
         <name>.debug_line</name>
         <load_address>0x103c</load_address>
         <run_address>0x103c</run_address>
         <size>0x5b</size>
         <input_file_ref idref="fl-13f"/>
      </object_component>
      <object_component id="oc-127">
         <name>.debug_line</name>
         <load_address>0x1097</load_address>
         <run_address>0x1097</run_address>
         <size>0x103</size>
         <input_file_ref idref="fl-2"/>
      </object_component>
      <object_component id="oc-12a">
         <name>.debug_line</name>
         <load_address>0x119a</load_address>
         <run_address>0x119a</run_address>
         <size>0x55</size>
         <input_file_ref idref="fl-2"/>
      </object_component>
      <object_component id="oc-12e">
         <name>.debug_line</name>
         <load_address>0x11ef</load_address>
         <run_address>0x11ef</run_address>
         <size>0x55</size>
         <input_file_ref idref="fl-142"/>
      </object_component>
      <object_component id="oc-130">
         <name>.debug_line</name>
         <load_address>0x1244</load_address>
         <run_address>0x1244</run_address>
         <size>0x5b</size>
         <input_file_ref idref="fl-142"/>
      </object_component>
      <object_component id="oc-132">
         <name>.debug_line</name>
         <load_address>0x129f</load_address>
         <run_address>0x129f</run_address>
         <size>0x51</size>
         <input_file_ref idref="fl-13c"/>
      </object_component>
      <object_component id="oc-135">
         <name>.debug_line</name>
         <load_address>0x12f0</load_address>
         <run_address>0x12f0</run_address>
         <size>0x45</size>
         <input_file_ref idref="fl-13c"/>
      </object_component>
      <object_component id="oc-13b">
         <name>.debug_line</name>
         <load_address>0x1335</load_address>
         <run_address>0x1335</run_address>
         <size>0x74</size>
         <input_file_ref idref="fl-142"/>
      </object_component>
      <object_component id="oc-140">
         <name>.debug_line</name>
         <load_address>0x13a9</load_address>
         <run_address>0x13a9</run_address>
         <size>0xa1</size>
         <input_file_ref idref="fl-142"/>
      </object_component>
      <object_component id="oc-145">
         <name>.debug_line</name>
         <load_address>0x144a</load_address>
         <run_address>0x144a</run_address>
         <size>0x6e</size>
         <input_file_ref idref="fl-13d"/>
      </object_component>
      <object_component id="oc-14d">
         <name>.debug_line</name>
         <load_address>0x14b8</load_address>
         <run_address>0x14b8</run_address>
         <size>0x20</size>
         <input_file_ref idref="fl-139"/>
      </object_component>
      <object_component id="oc-14f">
         <name>.debug_line</name>
         <load_address>0x14d8</load_address>
         <run_address>0x14d8</run_address>
         <size>0x43</size>
         <input_file_ref idref="fl-135"/>
      </object_component>
      <object_component id="oc-151">
         <name>.debug_line</name>
         <load_address>0x151b</load_address>
         <run_address>0x151b</run_address>
         <size>0x58</size>
         <input_file_ref idref="fl-13e"/>
      </object_component>
      <object_component id="oc-158">
         <name>.debug_line</name>
         <load_address>0x1573</load_address>
         <run_address>0x1573</run_address>
         <size>0xc8</size>
         <input_file_ref idref="fl-13e"/>
      </object_component>
      <object_component id="oc-15b">
         <name>.debug_line</name>
         <load_address>0x163b</load_address>
         <run_address>0x163b</run_address>
         <size>0x58</size>
         <input_file_ref idref="fl-13e"/>
      </object_component>
      <object_component id="oc-15f">
         <name>.debug_line</name>
         <load_address>0x1693</load_address>
         <run_address>0x1693</run_address>
         <size>0x5b</size>
         <input_file_ref idref="fl-13d"/>
      </object_component>
      <object_component id="oc-13">
         <name>.debug_aranges</name>
         <load_address>0x0</load_address>
         <run_address>0x0</run_address>
         <size>0x20</size>
         <input_file_ref idref="fl-131"/>
      </object_component>
      <object_component id="oc-17">
         <name>.debug_aranges</name>
         <load_address>0x20</load_address>
         <run_address>0x20</run_address>
         <size>0x20</size>
         <input_file_ref idref="fl-132"/>
      </object_component>
      <object_component id="oc-1b">
         <name>.debug_aranges</name>
         <load_address>0x40</load_address>
         <run_address>0x40</run_address>
         <size>0x20</size>
         <input_file_ref idref="fl-134"/>
      </object_component>
      <object_component id="oc-1f">
         <name>.debug_aranges</name>
         <load_address>0x60</load_address>
         <run_address>0x60</run_address>
         <size>0x20</size>
         <input_file_ref idref="fl-133"/>
      </object_component>
      <object_component id="oc-24">
         <name>.debug_aranges</name>
         <load_address>0x80</load_address>
         <run_address>0x80</run_address>
         <size>0x20</size>
         <input_file_ref idref="fl-3"/>
      </object_component>
      <object_component id="oc-28">
         <name>.debug_aranges</name>
         <load_address>0xa0</load_address>
         <run_address>0xa0</run_address>
         <size>0x20</size>
         <input_file_ref idref="fl-3"/>
      </object_component>
      <object_component id="oc-2c">
         <name>.debug_aranges</name>
         <load_address>0xc0</load_address>
         <run_address>0xc0</run_address>
         <size>0x20</size>
         <input_file_ref idref="fl-3"/>
      </object_component>
      <object_component id="oc-30">
         <name>.debug_aranges</name>
         <load_address>0xe0</load_address>
         <run_address>0xe0</run_address>
         <size>0x20</size>
         <input_file_ref idref="fl-3"/>
      </object_component>
      <object_component id="oc-34">
         <name>.debug_aranges</name>
         <load_address>0x100</load_address>
         <run_address>0x100</run_address>
         <size>0x20</size>
         <input_file_ref idref="fl-2"/>
      </object_component>
      <object_component id="oc-38">
         <name>.debug_aranges</name>
         <load_address>0x120</load_address>
         <run_address>0x120</run_address>
         <size>0x20</size>
         <input_file_ref idref="fl-2"/>
      </object_component>
      <object_component id="oc-3f">
         <name>.debug_aranges</name>
         <load_address>0x140</load_address>
         <run_address>0x140</run_address>
         <size>0x28</size>
         <input_file_ref idref="fl-13b"/>
      </object_component>
      <object_component id="oc-43">
         <name>.debug_aranges</name>
         <load_address>0x168</load_address>
         <run_address>0x168</run_address>
         <size>0x20</size>
         <input_file_ref idref="fl-13a"/>
      </object_component>
      <object_component id="oc-47">
         <name>.debug_aranges</name>
         <load_address>0x188</load_address>
         <run_address>0x188</run_address>
         <size>0x30</size>
         <input_file_ref idref="fl-135"/>
      </object_component>
      <object_component id="oc-4e">
         <name>.debug_aranges</name>
         <load_address>0x1b8</load_address>
         <run_address>0x1b8</run_address>
         <size>0x20</size>
         <input_file_ref idref="fl-136"/>
      </object_component>
      <object_component id="oc-5e">
         <name>.debug_aranges</name>
         <load_address>0x1d8</load_address>
         <run_address>0x1d8</run_address>
         <size>0x20</size>
         <input_file_ref idref="fl-133"/>
      </object_component>
      <object_component id="oc-71">
         <name>.debug_aranges</name>
         <load_address>0x1f8</load_address>
         <run_address>0x1f8</run_address>
         <size>0x20</size>
         <input_file_ref idref="fl-13f"/>
      </object_component>
      <object_component id="oc-75">
         <name>.debug_aranges</name>
         <load_address>0x218</load_address>
         <run_address>0x218</run_address>
         <size>0x20</size>
         <input_file_ref idref="fl-2"/>
      </object_component>
      <object_component id="oc-79">
         <name>.debug_aranges</name>
         <load_address>0x238</load_address>
         <run_address>0x238</run_address>
         <size>0x20</size>
         <input_file_ref idref="fl-2"/>
      </object_component>
      <object_component id="oc-7d">
         <name>.debug_aranges</name>
         <load_address>0x258</load_address>
         <run_address>0x258</run_address>
         <size>0x20</size>
         <input_file_ref idref="fl-2"/>
      </object_component>
      <object_component id="oc-81">
         <name>.debug_aranges</name>
         <load_address>0x278</load_address>
         <run_address>0x278</run_address>
         <size>0x20</size>
         <input_file_ref idref="fl-2"/>
      </object_component>
      <object_component id="oc-85">
         <name>.debug_aranges</name>
         <load_address>0x298</load_address>
         <run_address>0x298</run_address>
         <size>0x20</size>
         <input_file_ref idref="fl-2"/>
      </object_component>
      <object_component id="oc-8c">
         <name>.debug_aranges</name>
         <load_address>0x2b8</load_address>
         <run_address>0x2b8</run_address>
         <size>0x20</size>
         <input_file_ref idref="fl-2"/>
      </object_component>
      <object_component id="oc-91">
         <name>.debug_aranges</name>
         <load_address>0x2d8</load_address>
         <run_address>0x2d8</run_address>
         <size>0x20</size>
         <input_file_ref idref="fl-2"/>
      </object_component>
      <object_component id="oc-96">
         <name>.debug_aranges</name>
         <load_address>0x2f8</load_address>
         <run_address>0x2f8</run_address>
         <size>0x20</size>
         <input_file_ref idref="fl-142"/>
      </object_component>
      <object_component id="oc-a7">
         <name>.debug_aranges</name>
         <load_address>0x318</load_address>
         <run_address>0x318</run_address>
         <size>0x20</size>
         <input_file_ref idref="fl-13c"/>
      </object_component>
      <object_component id="oc-ac">
         <name>.debug_aranges</name>
         <load_address>0x338</load_address>
         <run_address>0x338</run_address>
         <size>0x20</size>
         <input_file_ref idref="fl-2"/>
      </object_component>
      <object_component id="oc-f4">
         <name>.debug_aranges</name>
         <load_address>0x358</load_address>
         <run_address>0x358</run_address>
         <size>0x20</size>
         <input_file_ref idref="fl-13e"/>
      </object_component>
      <object_component id="oc-105">
         <name>.debug_aranges</name>
         <load_address>0x378</load_address>
         <run_address>0x378</run_address>
         <size>0x28</size>
         <input_file_ref idref="fl-137"/>
      </object_component>
      <object_component id="oc-109">
         <name>.debug_aranges</name>
         <load_address>0x3a0</load_address>
         <run_address>0x3a0</run_address>
         <size>0x20</size>
         <input_file_ref idref="fl-2"/>
      </object_component>
      <object_component id="oc-10d">
         <name>.debug_aranges</name>
         <load_address>0x3c0</load_address>
         <run_address>0x3c0</run_address>
         <size>0x20</size>
         <input_file_ref idref="fl-2"/>
      </object_component>
      <object_component id="oc-111">
         <name>.debug_aranges</name>
         <load_address>0x3e0</load_address>
         <run_address>0x3e0</run_address>
         <size>0x20</size>
         <input_file_ref idref="fl-2"/>
      </object_component>
      <object_component id="oc-116">
         <name>.debug_aranges</name>
         <load_address>0x400</load_address>
         <run_address>0x400</run_address>
         <size>0x30</size>
         <input_file_ref idref="fl-139"/>
      </object_component>
      <object_component id="oc-13d">
         <name>.debug_aranges</name>
         <load_address>0x430</load_address>
         <run_address>0x430</run_address>
         <size>0x20</size>
         <input_file_ref idref="fl-142"/>
      </object_component>
      <object_component id="oc-142">
         <name>.debug_aranges</name>
         <load_address>0x450</load_address>
         <run_address>0x450</run_address>
         <size>0x20</size>
         <input_file_ref idref="fl-142"/>
      </object_component>
      <object_component id="oc-147">
         <name>.debug_aranges</name>
         <load_address>0x470</load_address>
         <run_address>0x470</run_address>
         <size>0x20</size>
         <input_file_ref idref="fl-13d"/>
      </object_component>
      <object_component id="oc-39">
         <name>.debug_abbrev</name>
         <load_address>0x0</load_address>
         <run_address>0x0</run_address>
         <size>0x29</size>
         <input_file_ref idref="fl-3"/>
      </object_component>
      <object_component id="oc-4a">
         <name>.debug_abbrev</name>
         <load_address>0x29</load_address>
         <run_address>0x29</run_address>
         <size>0x40</size>
         <input_file_ref idref="fl-131"/>
      </object_component>
      <object_component id="oc-4f">
         <name>.debug_abbrev</name>
         <load_address>0x69</load_address>
         <run_address>0x69</run_address>
         <size>0x6b</size>
         <input_file_ref idref="fl-132"/>
      </object_component>
      <object_component id="oc-51">
         <name>.debug_abbrev</name>
         <load_address>0xd4</load_address>
         <run_address>0xd4</run_address>
         <size>0x24</size>
         <input_file_ref idref="fl-132"/>
      </object_component>
      <object_component id="oc-55">
         <name>.debug_abbrev</name>
         <load_address>0xf8</load_address>
         <run_address>0xf8</run_address>
         <size>0x85</size>
         <input_file_ref idref="fl-134"/>
      </object_component>
      <object_component id="oc-57">
         <name>.debug_abbrev</name>
         <load_address>0x17d</load_address>
         <run_address>0x17d</run_address>
         <size>0x24</size>
         <input_file_ref idref="fl-134"/>
      </object_component>
      <object_component id="oc-5f">
         <name>.debug_abbrev</name>
         <load_address>0x1a1</load_address>
         <run_address>0x1a1</run_address>
         <size>0x6b</size>
         <input_file_ref idref="fl-133"/>
      </object_component>
      <object_component id="oc-62">
         <name>.debug_abbrev</name>
         <load_address>0x20c</load_address>
         <run_address>0x20c</run_address>
         <size>0x24</size>
         <input_file_ref idref="fl-133"/>
      </object_component>
      <object_component id="oc-66">
         <name>.debug_abbrev</name>
         <load_address>0x230</load_address>
         <run_address>0x230</run_address>
         <size>0x55</size>
         <input_file_ref idref="fl-3"/>
      </object_component>
      <object_component id="oc-67">
         <name>.debug_abbrev</name>
         <load_address>0x285</load_address>
         <run_address>0x285</run_address>
         <size>0x66</size>
         <input_file_ref idref="fl-3"/>
      </object_component>
      <object_component id="oc-68">
         <name>.debug_abbrev</name>
         <load_address>0x2eb</load_address>
         <run_address>0x2eb</run_address>
         <size>0x66</size>
         <input_file_ref idref="fl-3"/>
      </object_component>
      <object_component id="oc-69">
         <name>.debug_abbrev</name>
         <load_address>0x351</load_address>
         <run_address>0x351</run_address>
         <size>0x66</size>
         <input_file_ref idref="fl-3"/>
      </object_component>
      <object_component id="oc-6c">
         <name>.debug_abbrev</name>
         <load_address>0x3b7</load_address>
         <run_address>0x3b7</run_address>
         <size>0x55</size>
         <input_file_ref idref="fl-2"/>
      </object_component>
      <object_component id="oc-97">
         <name>.debug_abbrev</name>
         <load_address>0x40c</load_address>
         <run_address>0x40c</run_address>
         <size>0xb9</size>
         <input_file_ref idref="fl-2"/>
      </object_component>
      <object_component id="oc-98">
         <name>.debug_abbrev</name>
         <load_address>0x4c5</load_address>
         <run_address>0x4c5</run_address>
         <size>0x71</size>
         <input_file_ref idref="fl-3"/>
      </object_component>
      <object_component id="oc-9b">
         <name>.debug_abbrev</name>
         <load_address>0x536</load_address>
         <run_address>0x536</run_address>
         <size>0x23</size>
         <input_file_ref idref="fl-3"/>
      </object_component>
      <object_component id="oc-a0">
         <name>.debug_abbrev</name>
         <load_address>0x559</load_address>
         <run_address>0x559</run_address>
         <size>0x35</size>
         <input_file_ref idref="fl-2"/>
      </object_component>
      <object_component id="oc-a8">
         <name>.debug_abbrev</name>
         <load_address>0x58e</load_address>
         <run_address>0x58e</run_address>
         <size>0x86</size>
         <input_file_ref idref="fl-13b"/>
      </object_component>
      <object_component id="oc-ad">
         <name>.debug_abbrev</name>
         <load_address>0x614</load_address>
         <run_address>0x614</run_address>
         <size>0x5f</size>
         <input_file_ref idref="fl-13a"/>
      </object_component>
      <object_component id="oc-af">
         <name>.debug_abbrev</name>
         <load_address>0x673</load_address>
         <run_address>0x673</run_address>
         <size>0x23</size>
         <input_file_ref idref="fl-13a"/>
      </object_component>
      <object_component id="oc-b7">
         <name>.debug_abbrev</name>
         <load_address>0x696</load_address>
         <run_address>0x696</run_address>
         <size>0xd5</size>
         <input_file_ref idref="fl-135"/>
      </object_component>
      <object_component id="oc-b9">
         <name>.debug_abbrev</name>
         <load_address>0x76b</load_address>
         <run_address>0x76b</run_address>
         <size>0x23</size>
         <input_file_ref idref="fl-132"/>
      </object_component>
      <object_component id="oc-bd">
         <name>.debug_abbrev</name>
         <load_address>0x78e</load_address>
         <run_address>0x78e</run_address>
         <size>0x27</size>
         <input_file_ref idref="fl-138"/>
      </object_component>
      <object_component id="oc-c0">
         <name>.debug_abbrev</name>
         <load_address>0x7b5</load_address>
         <run_address>0x7b5</run_address>
         <size>0x1a</size>
         <input_file_ref idref="fl-138"/>
      </object_component>
      <object_component id="oc-c4">
         <name>.debug_abbrev</name>
         <load_address>0x7cf</load_address>
         <run_address>0x7cf</run_address>
         <size>0x40</size>
         <input_file_ref idref="fl-136"/>
      </object_component>
      <object_component id="oc-c6">
         <name>.debug_abbrev</name>
         <load_address>0x80f</load_address>
         <run_address>0x80f</run_address>
         <size>0x24</size>
         <input_file_ref idref="fl-132"/>
      </object_component>
      <object_component id="oc-cc">
         <name>.debug_abbrev</name>
         <load_address>0x833</load_address>
         <run_address>0x833</run_address>
         <size>0x24</size>
         <input_file_ref idref="fl-133"/>
      </object_component>
      <object_component id="oc-d1">
         <name>.debug_abbrev</name>
         <load_address>0x857</load_address>
         <run_address>0x857</run_address>
         <size>0x83</size>
         <input_file_ref idref="fl-133"/>
      </object_component>
      <object_component id="oc-d3">
         <name>.debug_abbrev</name>
         <load_address>0x8da</load_address>
         <run_address>0x8da</run_address>
         <size>0x1c</size>
         <input_file_ref idref="fl-133"/>
      </object_component>
      <object_component id="oc-d7">
         <name>.debug_abbrev</name>
         <load_address>0x8f6</load_address>
         <run_address>0x8f6</run_address>
         <size>0x2c</size>
         <input_file_ref idref="fl-133"/>
      </object_component>
      <object_component id="oc-d9">
         <name>.debug_abbrev</name>
         <load_address>0x922</load_address>
         <run_address>0x922</run_address>
         <size>0x29</size>
         <input_file_ref idref="fl-2"/>
      </object_component>
      <object_component id="oc-dc">
         <name>.debug_abbrev</name>
         <load_address>0x94b</load_address>
         <run_address>0x94b</run_address>
         <size>0x23</size>
         <input_file_ref idref="fl-2"/>
      </object_component>
      <object_component id="oc-e0">
         <name>.debug_abbrev</name>
         <load_address>0x96e</load_address>
         <run_address>0x96e</run_address>
         <size>0x6e</size>
         <input_file_ref idref="fl-13f"/>
      </object_component>
      <object_component id="oc-e2">
         <name>.debug_abbrev</name>
         <load_address>0x9dc</load_address>
         <run_address>0x9dc</run_address>
         <size>0x23</size>
         <input_file_ref idref="fl-13d"/>
      </object_component>
      <object_component id="oc-e7">
         <name>.debug_abbrev</name>
         <load_address>0x9ff</load_address>
         <run_address>0x9ff</run_address>
         <size>0x35</size>
         <input_file_ref idref="fl-13d"/>
      </object_component>
      <object_component id="oc-ec">
         <name>.debug_abbrev</name>
         <load_address>0xa34</load_address>
         <run_address>0xa34</run_address>
         <size>0x72</size>
         <input_file_ref idref="fl-2"/>
      </object_component>
      <object_component id="oc-ee">
         <name>.debug_abbrev</name>
         <load_address>0xaa6</load_address>
         <run_address>0xaa6</run_address>
         <size>0x9f</size>
         <input_file_ref idref="fl-2"/>
      </object_component>
      <object_component id="oc-ef">
         <name>.debug_abbrev</name>
         <load_address>0xb45</load_address>
         <run_address>0xb45</run_address>
         <size>0x9f</size>
         <input_file_ref idref="fl-2"/>
      </object_component>
      <object_component id="oc-f5">
         <name>.debug_abbrev</name>
         <load_address>0xbe4</load_address>
         <run_address>0xbe4</run_address>
         <size>0x9f</size>
         <input_file_ref idref="fl-2"/>
      </object_component>
      <object_component id="oc-f6">
         <name>.debug_abbrev</name>
         <load_address>0xc83</load_address>
         <run_address>0xc83</run_address>
         <size>0x91</size>
         <input_file_ref idref="fl-2"/>
      </object_component>
      <object_component id="oc-f7">
         <name>.debug_abbrev</name>
         <load_address>0xd14</load_address>
         <run_address>0xd14</run_address>
         <size>0x3d</size>
         <input_file_ref idref="fl-2"/>
      </object_component>
      <object_component id="oc-fa">
         <name>.debug_abbrev</name>
         <load_address>0xd51</load_address>
         <run_address>0xd51</run_address>
         <size>0x80</size>
         <input_file_ref idref="fl-2"/>
      </object_component>
      <object_component id="oc-fb">
         <name>.debug_abbrev</name>
         <load_address>0xdd1</load_address>
         <run_address>0xdd1</run_address>
         <size>0x90</size>
         <input_file_ref idref="fl-2"/>
      </object_component>
      <object_component id="oc-fe">
         <name>.debug_abbrev</name>
         <load_address>0xe61</load_address>
         <run_address>0xe61</run_address>
         <size>0x8b</size>
         <input_file_ref idref="fl-142"/>
      </object_component>
      <object_component id="oc-100">
         <name>.debug_abbrev</name>
         <load_address>0xeec</load_address>
         <run_address>0xeec</run_address>
         <size>0xa2</size>
         <input_file_ref idref="fl-13c"/>
      </object_component>
      <object_component id="oc-112">
         <name>.debug_abbrev</name>
         <load_address>0xf8e</load_address>
         <run_address>0xf8e</run_address>
         <size>0x87</size>
         <input_file_ref idref="fl-2"/>
      </object_component>
      <object_component id="oc-117">
         <name>.debug_abbrev</name>
         <load_address>0x1015</load_address>
         <run_address>0x1015</run_address>
         <size>0x29</size>
         <input_file_ref idref="fl-139"/>
      </object_component>
      <object_component id="oc-11a">
         <name>.debug_abbrev</name>
         <load_address>0x103e</load_address>
         <run_address>0x103e</run_address>
         <size>0x29</size>
         <input_file_ref idref="fl-135"/>
      </object_component>
      <object_component id="oc-11d">
         <name>.debug_abbrev</name>
         <load_address>0x1067</load_address>
         <run_address>0x1067</run_address>
         <size>0x4c</size>
         <input_file_ref idref="fl-132"/>
      </object_component>
      <object_component id="oc-11f">
         <name>.debug_abbrev</name>
         <load_address>0x10b3</load_address>
         <run_address>0x10b3</run_address>
         <size>0x2c</size>
         <input_file_ref idref="fl-134"/>
      </object_component>
      <object_component id="oc-121">
         <name>.debug_abbrev</name>
         <load_address>0x10df</load_address>
         <run_address>0x10df</run_address>
         <size>0x72</size>
         <input_file_ref idref="fl-13f"/>
      </object_component>
      <object_component id="oc-125">
         <name>.debug_abbrev</name>
         <load_address>0x1151</load_address>
         <run_address>0x1151</run_address>
         <size>0x60</size>
         <input_file_ref idref="fl-13e"/>
      </object_component>
      <object_component id="oc-126">
         <name>.debug_abbrev</name>
         <load_address>0x11b1</load_address>
         <run_address>0x11b1</run_address>
         <size>0xd7</size>
         <input_file_ref idref="fl-2"/>
      </object_component>
      <object_component id="oc-129">
         <name>.debug_abbrev</name>
         <load_address>0x1288</load_address>
         <run_address>0x1288</run_address>
         <size>0xb7</size>
         <input_file_ref idref="fl-2"/>
      </object_component>
      <object_component id="oc-12d">
         <name>.debug_abbrev</name>
         <load_address>0x133f</load_address>
         <run_address>0x133f</run_address>
         <size>0x27</size>
         <input_file_ref idref="fl-142"/>
      </object_component>
      <object_component id="oc-12f">
         <name>.debug_abbrev</name>
         <load_address>0x1366</load_address>
         <run_address>0x1366</run_address>
         <size>0x6b</size>
         <input_file_ref idref="fl-142"/>
[...]
            <object_component_ref idref="oc-134"/>
            <object_component_ref idref="oc-138"/>
            <object_component_ref idref="oc-148"/>
            <object_component_ref idref="oc-149"/>
            <object_component_ref idref="oc-14a"/>
            <object_component_ref idref="oc-14b"/>
            <object_component_ref idref="oc-14c"/>
            <object_component_ref idref="oc-14e"/>
            <object_component_ref idref="oc-150"/>
            <object_component_ref idref="oc-153"/>
            <object_component_ref idref="oc-154"/>
            <object_component_ref idref="oc-155"/>
            <object_component_ref idref="oc-157"/>
            <object_component_ref idref="oc-15a"/>
            <object_component_ref idref="oc-15e"/>
            <object_component_ref idref="oc-180"/>
         </contents>
      </logical_group>
      <logical_group id="lg-174">
         <name>.debug_str</name>
         <load_address>0x0</load_address>
         <run_address>0x0</run_address>
         <size>0x150e</size>
         <contents>
            <object_component_ref idref="oc-53"/>
            <object_component_ref idref="oc-59"/>
            <object_component_ref idref="oc-64"/>
            <object_component_ref idref="oc-9d"/>
            <object_component_ref idref="oc-a2"/>
            <object_component_ref idref="oc-b1"/>
            <object_component_ref idref="oc-bb"/>
            <object_component_ref idref="oc-c2"/>
            <object_component_ref idref="oc-c8"/>
            <object_component_ref idref="oc-ce"/>
            <object_component_ref idref="oc-d5"/>
            <object_component_ref idref="oc-de"/>
            <object_component_ref idref="oc-e4"/>
            <object_component_ref idref="oc-e9"/>
            <object_component_ref idref="oc-12b"/>
            <object_component_ref idref="oc-136"/>
            <object_component_ref idref="oc-15c"/>
         </contents>
      </logical_group>
      <logical_group id="lg-176">
         <name>.debug_pubtypes</name>
         <load_address>0x0</load_address>
         <run_address>0x0</run_address>
         <size>0xcaa</size>
         <contents>
            <object_component_ref idref="oc-54"/>
            <object_component_ref idref="oc-5a"/>
            <object_component_ref idref="oc-65"/>
            <object_component_ref idref="oc-9e"/>
            <object_component_ref idref="oc-a3"/>
            <object_component_ref idref="oc-b2"/>
            <object_component_ref idref="oc-bc"/>
            <object_component_ref idref="oc-c3"/>
            <object_component_ref idref="oc-c9"/>
            <object_component_ref idref="oc-cf"/>
            <object_component_ref idref="oc-d6"/>
            <object_component_ref idref="oc-df"/>
            <object_component_ref idref="oc-e5"/>
            <object_component_ref idref="oc-ea"/>
            <object_component_ref idref="oc-12c"/>
            <object_component_ref idref="oc-137"/>
            <object_component_ref idref="oc-15d"/>
         </contents>
      </logical_group>
      <logical_group id="lg-178">
         <name>.debug_frame</name>
         <load_address>0x0</load_address>
         <run_address>0x0</run_address>
         <size>0x327</size>
         <contents>
            <object_component_ref idref="oc-70"/>
            <object_component_ref idref="oc-95"/>
            <object_component_ref idref="oc-f3"/>
            <object_component_ref idref="oc-13c"/>
            <object_component_ref idref="oc-141"/>
            <object_component_ref idref="oc-146"/>
         </contents>
      </logical_group>
      <load_segment id="lg-183">
         <name>SEGMENT_0</name>
         <load_address>0x0</load_address>
         <run_address>0x0</run_address>
         <size>0x1988</size>
         <flags>0x5</flags>
         <contents>
            <logical_group_ref idref="lg-3"/>
            <logical_group_ref idref="lg-4"/>
            <logical_group_ref idref="lg-5"/>
            <logical_group_ref idref="lg-6"/>
         </contents>
      </load_segment>
      <load_segment id="lg-184">
         <name>SEGMENT_1</name>
         <run_address>0x20000000</run_address>
         <size>0x1fc</size>
         <flags>0x6</flags>
         <contents>
            <logical_group_ref idref="lg-d"/>
            <logical_group_ref idref="lg-b"/>
         </contents>
      </load_segment>
      <load_segment id="lg-185">
         <name>SEGMENT_2</name>
         <load_address>0x200001fc</load_address>
         <run_address>0x200001fc</run_address>
         <size>0x28</size>
         <flags>0x6</flags>
         <contents>
            <logical_group_ref idref="lg-a"/>
         </contents>
      </load_segment>
   </logical_group_list>
   <placement_map>
      <memory_area>
         <name>FLASH</name>
         <page_id>0x0</page_id>
         <origin>0x0</origin>
         <length>0x40000</length>
         <used_space>0x1984</used_space>
         <unused_space>0x3e67c</unused_space>
         <attributes>RX</attributes>
         <usage_details>
            <allocated_space>
               <start_address>0x0</start_address>
               <size>0x26c</size>
               <logical_group_ref idref="lg-3"/>
            </allocated_space>
            <allocated_space>
               <start_address>0x26c</start_address>
               <size>0x166c</size>
               <logical_group_ref idref="lg-4"/>
            </allocated_space>
            <allocated_space>
               <start_address>0x18d8</start_address>
               <size>0x6c</size>
               <logical_group_ref idref="lg-5"/>
            </allocated_space>
            <available_space>
               <start_address>0x1944</start_address>
               <size>0x4</size>
            </available_space>
            <allocated_space>
               <start_address>0x1948</start_address>
               <size>0x40</size>
               <logical_group_ref idref="lg-6"/>
            </allocated_space>
            <available_space>
               <start_address>0x1988</start_address>
               <size>0x3e678</size>
            </available_space>
         </usage_details>
      </memory_area>
      <memory_area>
         <name>SRAM</name>
         <page_id>0x0</page_id>
         <origin>0x20000000</origin>
         <length>0x8000</length>
         <used_space>0x224</used_space>
         <unused_space>0x7ddc</unused_space>
         <attributes>RWX</attributes>
         <usage_details>
            <allocated_space>
               <start_address>0x20000000</start_address>
               <size>0x100</size>
               <logical_group_ref idref="lg-d"/>
            </allocated_space>
            <allocated_space>
               <start_address>0x20000100</start_address>
               <size>0xfc</size>
               <logical_group_ref idref="lg-b"/>
            </allocated_space>
            <allocated_space>
               <start_address>0x200001fc</start_address>
               <size>0x28</size>
               <logical_group_ref idref="lg-a"/>
            </allocated_space>
            <available_space>
               <start_address>0x20000224</start_address>
               <size>0x7ddc</size>
            </available_space>
         </usage_details>
      </memory_area>
   </placement_map>
   <cptbl_list>
      <cptbl>
         <name>__TI_cinit_table</name>
         <cprec>
            <name>.data</name>
            <load_address>0x1948</load_address>
            <load_size>0x16</load_size>
            <run_address>0x200001fc</run_address>
            <run_size>0x28</run_size>
            <compression>rle</compression>
         </cprec>
         <cprec>
            <name>.bss</name>
            <load_address>0x1970</load_address>
            <load_size>0x8</load_size>
            <run_address>0x20000100</run_address>
            <run_size>0xfc</run_size>
            <compression>zero_init</compression>
         </cprec>
      </cptbl>
   </cptbl_list>
   <handler_table>
      <handler_table_name>__TI_handler_table</handler_table_name>
      <handler>
         <index>0x0</index>
         <name>__TI_decompress_rle24</name>
      </handler>
      <handler>
         <index>0x1</index>
         <name>__TI_decompress_none</name>
      </handler>
      <handler>
         <index>0x2</index>
         <name>__TI_zero_init</name>
      </handler>
   </handler_table>
   <symbol_table>
      <symbol id="sm-1">
         <name>__STACK_TOP</name>
         <value>0x20000100</value>
      </symbol>
      <symbol id="sm-2">
         <name>__TI_CINIT_Base</name>
         <value>0x1978</value>
      </symbol>
      <symbol id="sm-3">
         <name>__TI_CINIT_Limit</name>
         <value>0x1988</value>
      </symbol>
      <symbol id="sm-4">
         <name>__TI_Handler_Table_Base</name>
         <value>0x1960</value>
      </symbol>
      <symbol id="sm-5">
         <name>__TI_Handler_Table_Limit</name>
         <value>0x196c</value>
      </symbol>
      <symbol id="sm-6">
         <name>binit</name>
         <value>0xffffffff</value>
      </symbol>
      <symbol id="sm-7">
         <name>__binit__</name>
         <value>0xffffffff</value>
      </symbol>
      <symbol id="sm-8">
         <name>__STACK_SIZE</name>
         <value>0x100</value>
      </symbol>
      <symbol id="sm-9">
         <name>__STACK_END</name>
         <value>0x20000100</value>
      </symbol>
      <symbol id="sm-a">
         <name>__c_args__</name>
         <value>0xffffffff</value>
      </symbol>
      <symbol id="sm-189">
         <name>SysTickIntHandler</name>
         <value>0x1849</value>
         <object_component_ref idref="oc-31"/>
      </symbol>
      <symbol id="sm-18a">
         <name>ADC_init_a</name>
         <value>0x1225</value>
         <object_component_ref idref="oc-10a"/>
      </symbol>
      <symbol id="sm-18b">
         <name>ADC_init_b</name>
         <value>0x12e1</value>
         <object_component_ref idref="oc-10e"/>
      </symbol>
      <symbol id="sm-18c">
         <name>ADC_Sync</name>
         <value>0x107d</value>
         <object_component_ref idref="oc-82"/>
      </symbol>
      <symbol id="sm-18d">
         <name>reset_flag_1</name>
         <value>0x20000100</value>
         <object_component_ref idref="oc-86"/>
      </symbol>
      <symbol id="sm-18e">
         <name>dPot_pr_ctr</name>
         <value>0xf99</value>
         <object_component_ref idref="oc-7a"/>
      </symbol>
      <symbol id="sm-18f">
         <name>time_trigger</name>
         <value>0x20000200</value>
         <object_component_ref idref="oc-6a"/>
      </symbol>
      <symbol id="sm-190">
         <name>UARTIntHandler</name>
         <value>0x26d</value>
         <object_component_ref idref="oc-35"/>
      </symbol>
      <symbol id="sm-191">
         <name>main</name>
         <value>0xa29</value>
         <object_component_ref idref="oc-a9"/>
      </symbol>
      <symbol id="sm-192">
         <name>adc_init_a</name>
         <value>0x20000204</value>
         <object_component_ref idref="oc-6a"/>
      </symbol>
      <symbol id="sm-193">
         <name>adc_init_b</name>
         <value>0x20000208</value>
         <object_component_ref idref="oc-6a"/>
      </symbol>
      <symbol id="sm-194">
         <name>dPot_wp_ctr</name>
         <value>0xead</value>
         <object_component_ref idref="oc-7e"/>
      </symbol>
      <symbol id="sm-195">
         <name>cont_mode</name>
         <value>0x200001fc</value>
         <object_component_ref idref="oc-6a"/>
      </symbol>
      <symbol id="sm-196">
         <name>new_data_B</name>
         <value>0x2000011c</value>
         <object_component_ref idref="oc-86"/>
      </symbol>
      <symbol id="sm-197">
         <name>new_data_A</name>
         <value>0x2000010c</value>
         <object_component_ref idref="oc-86"/>
      </symbol>
      <symbol id="sm-198">
         <name>dPot_ctr</name>
         <value>0x7c9</value>
         <object_component_ref idref="oc-76"/>
      </symbol>
      <symbol id="sm-199">
         <name>wait</name>
         <value>0x1811</value>
         <object_component_ref idref="oc-8e"/>
      </symbol>
      <symbol id="sm-19a">
         <name>detector_pCyc</name>
         <value>0x16bd</value>
         <object_component_ref idref="oc-89"/>
      </symbol>
      <symbol id="sm-19b">
         <name>uart2ssi_config</name>
         <value>0xc71</value>
         <object_component_ref idref="oc-106"/>
      </symbol>
      <symbol id="sm-19c">
         <name>cs</name>
         <value>0x20000108</value>
         <object_component_ref idref="oc-86"/>
      </symbol>
      <symbol id="sm-19d">
         <name>chip_select</name>
         <value>0x139d</value>
         <object_component_ref idref="oc-72"/>
      </symbol>
      <symbol id="sm-1ca">
         <name>ResetISR</name>
         <value>0x18c7</value>
         <object_component_ref idref="oc-21"/>
      </symbol>
      <symbol id="sm-1cb">
         <name>g_pfnVectors</name>
         <value>0x0</value>
         <object_component_ref idref="oc-e"/>
      </symbol>
      <symbol id="sm-1da">
         <name>_c_int00</name>
         <value>0x1711</value>
         <object_component_ref idref="oc-10"/>
      </symbol>
      <symbol id="sm-1db">
         <name>__stack</name>
         <value>0x20000000</value>
         <object_component_ref idref="oc-20"/>
      </symbol>
      <symbol id="sm-1f5">
         <name>__TI_decompress_none</name>
         <value>0x18b1</value>
         <object_component_ref idref="oc-14"/>
      </symbol>
      <symbol id="sm-21f">
         <name>__TI_decompress_rle24</name>
         <value>0x18d3</value>
         <object_component_ref idref="oc-1c"/>
      </symbol>
      <symbol id="sm-231">
         <name>__TI_zero_init</name>
         <value>0x188d</value>
         <object_component_ref idref="oc-18"/>
      </symbol>
      <symbol id="sm-24c">
         <name>C$$EXIT</name>
         <value>0x179d</value>
         <object_component_ref idref="oc-44"/>
      </symbol>
      <symbol id="sm-24d">
         <name>_dtors_ptr</name>
         <value>0x2000021c</value>
         <object_component_ref idref="oc-b5"/>
      </symbol>
      <symbol id="sm-24e">
         <name>abort</name>
         <value>0x17a1</value>
         <object_component_ref idref="oc-44"/>
      </symbol>
      <symbol id="sm-24f">
         <name>_cleanup_ptr</name>
         <value>0x20000218</value>
         <object_component_ref idref="oc-b5"/>
      </symbol>
      <symbol id="sm-250">
         <name>exit</name>
         <value>0x17a9</value>
         <object_component_ref idref="oc-44"/>
      </symbol>
      <symbol id="sm-265">
         <name>memcpy</name>
         <value>0x1439</value>
         <object_component_ref idref="oc-4b"/>
      </symbol>
      <symbol id="sm-266">
         <name>__aeabi_memcpy</name>
         <value>0x1439</value>
         <object_component_ref idref="oc-4b"/>
      </symbol>
      <symbol id="sm-267">
         <name>__aeabi_memcpy8</name>
         <value>0x1439</value>
         <object_component_ref idref="oc-4b"/>
      </symbol>
      <symbol id="sm-268">
         <name>__aeabi_memcpy4</name>
         <value>0x1439</value>
         <object_component_ref idref="oc-4b"/>
      </symbol>
      <symbol id="sm-276">
         <name>__aeabi_memset</name>
         <value>0x15e7</value>
         <object_component_ref idref="oc-102"/>
      </symbol>
      <symbol id="sm-277">
         <name>memset</name>
         <value>0x15ed</value>
         <object_component_ref idref="oc-102"/>
      </symbol>
      <symbol id="sm-278">
         <name>__aeabi_memset8</name>
         <value>0x15e7</value>
         <object_component_ref idref="oc-102"/>
      </symbol>
      <symbol id="sm-279">
         <name>__aeabi_memset4</name>
         <value>0x15e7</value>
         <object_component_ref idref="oc-102"/>
      </symbol>
      <symbol id="sm-27a">
         <name>__aeabi_memclr8</name>
         <value>0x15e5</value>
         <object_component_ref idref="oc-102"/>
      </symbol>
      <symbol id="sm-27b">
         <name>__aeabi_memclr4</name>
         <value>0x15e5</value>
         <object_component_ref idref="oc-102"/>
      </symbol>
      <symbol id="sm-27c">
         <name>__aeabi_memclr</name>
         <value>0x15e5</value>
         <object_component_ref idref="oc-102"/>
      </symbol>
      <symbol id="sm-288">
         <name>main_func_sp</name>
         <value>0x20000220</value>
         <object_component_ref idref="oc-48"/>
      </symbol>
      <symbol id="sm-29d">
         <name>_nop</name>
         <value>0x1887</value>
         <object_component_ref idref="oc-113"/>
      </symbol>
      <symbol id="sm-29e">
         <name>_lock</name>
         <value>0x20000210</value>
         <object_component_ref idref="oc-b3"/>
      </symbol>
      <symbol id="sm-29f">
         <name>_unlock</name>
         <value>0x20000214</value>
         <object_component_ref idref="oc-b3"/>
      </symbol>
      <symbol id="sm-2a0">
         <name>_register_lock</name>
         <value>0x187f</value>
         <object_component_ref idref="oc-113"/>
      </symbol>
      <symbol id="sm-2a1">
         <name>_register_unlock</name>
         <value>0x1879</value>
         <object_component_ref idref="oc-113"/>
      </symbol>
      <symbol id="sm-2b0">
         <name>_args_main</name>
         <value>0x1861</value>
         <object_component_ref idref="oc-40"/>
      </symbol>
      <symbol id="sm-2ca">
         <name>__TI_auto_init</name>
         <value>0x14d5</value>
         <object_component_ref idref="oc-3c"/>
      </symbol>
      <symbol id="sm-2e1">
         <name>copy_in</name>
         <value>0x1759</value>
         <object_component_ref idref="oc-a4"/>
      </symbol>
      <symbol id="sm-2f9">
         <name>SysTickPeriodSet</name>
         <value>0x18a1</value>
         <object_component_ref idref="oc-143"/>
      </symbol>
      <symbol id="sm-322">
         <name>SysCtlDelay</name>
         <value>0x18cd</value>
         <object_component_ref idref="oc-ed"/>
      </symbol>
      <symbol id="sm-323">
         <name>SysCtlClockGet</name>
         <value>0x115d</value>
         <object_component_ref idref="oc-f0"/>
      </symbol>
      <symbol id="sm-32f">
         <name>SSIBusy</name>
         <value>0x18bf</value>
         <object_component_ref idref="oc-6d"/>
      </symbol>
      <symbol id="sm-36d">
         <name>ADCSoftwareOversampleStepConfigure</name>
         <value>0x1569</value>
         <object_component_ref idref="oc-13e"/>
      </symbol>
      <symbol id="sm-36e">
         <name>ADCSoftwareOversampleConfigure</name>
         <value>0x1831</value>
         <object_component_ref idref="oc-139"/>
      </symbol>
      <symbol id="sm-36f">
         <name>ADCSoftwareOversampleDataGet</name>
         <value>0x17dd</value>
         <object_component_ref idref="oc-92"/>
      </symbol>
      <symbol id="sm-370">
         <name>__TI_static_base__</name>
         <value>0x0</value>
      </symbol>
      <symbol id="sm-371">
         <name>__TI_args_main</name>
         <value>0x1</value>
      </symbol>
      <symbol id="sm-372">
         <name>SHT$$INIT_ARRAY$$Limit</name>
         <value>0x0</value>
      </symbol>
      <symbol id="sm-373">
         <name>SHT$$INIT_ARRAY$$Base</name>
         <value>0x0</value>
      </symbol>
   </symbol_table>
</link_info>
