******************************************************************************
                  TI ARM Linker PC v5.0.4                      
******************************************************************************
>> Linked Tue Dec 23 15:58:33 2014

OUTPUT FILE NAME:   <Uart2ssi DC R2.2.out>
ENTRY POINT SYMBOL: "_c_int00"  address: 00001711


MEMORY CONFIGURATION

         name            origin    length      used     unused   attr    fill
----------------------  --------  ---------  --------  --------  ----  --------
  FLASH                 00000000   00040000  00001984  0003e67c  R  X
  SRAM                  20000000   00008000  00000224  00007ddc  RW X


SEGMENT ALLOCATION MAP

run origin  load origin   length   init length attrs members
----------  ----------- ---------- ----------- ----- -------
00000000    00000000    00001988   00001988    r-x
  00000000    00000000    0000026c   0000026c    r-- .intvecs
  0000026c    0000026c    0000166c   0000166c    r-x .text
  000018d8    000018d8    0000006c   0000006c    r-- .const
  00001948    00001948    00000040   00000040    r-- .cinit
20000000    20000000    000001fc   00000000    rw-
  20000000    20000000    00000100   00000000    rw- .stack
  20000100    20000100    000000fc   00000000    rw- .bss
200001fc    200001fc    00000028   00000028    rw-
  200001fc    200001fc    00000028   00000028    rw- .data


SECTION ALLOCATION MAP

 output                                  attributes/
section   page    origin      length       input sections
--------  ----  ----------  ----------   ----------------
.intvecs   0    00000000    0000026c     
                  00000000    0000026c     startup_ccs.obj (.intvecs)

.init_array 
*          0    00000000    00000000     UNINITIALIZED

.text      0    0000026c    0000166c     
                  0000026c    0000055c     uart_echo.obj (.text:UARTIntHandler)
                  000007c8    00000260     uart_echo.obj (.text:dPot_ctr)
                  00000a28    00000248     uart_echo.obj (.text:main)
                  00000c70    0000023c     uart_echo.obj (.text:uart2ssi_config)
                  00000eac    000000ec     uart_echo.obj (.text:dPot_wp_ctr)
                  00000f98    000000e4     uart_echo.obj (.text:dPot_pr_ctr)
                  0000107c    000000e0     uart_echo.obj (.text:ADC_Sync)
                  0000115c    000000c8     driverlib.lib : sysctl.obj (.text:SysCtlClockGet)
                  00001224    000000bc     uart_echo.obj (.text:ADC_init_a)
                  000012e0    000000bc     uart_echo.obj (.text:ADC_init_b)
                  0000139c    0000009c     uart_echo.obj (.text:chip_select)
                  00001438    0000009c     rtsv7M4_T_le_v4SPD16_eabi.lib : memcpy_t2.obj (.text)
                  000014d4    00000094                                   : auto_init.obj (.text)
                  00001568    0000007c     driverlib.lib : adc.obj (.text:ADCSoftwareOversampleStepConfigure)
                  000015e4    00000078     rtsv7M4_T_le_v4SPD16_eabi.lib : memset_t2.obj (.text)
                  0000165c    0000005e                                   : copy_decompress_rle.obj (.text)
                  000016ba    00000002     startup_ccs.obj (.text:FaultISR)
                  000016bc    00000054     uart_echo.obj (.text:detector_pCyc)
                  00001710    00000048     rtsv7M4_T_le_v4SPD16_eabi.lib : boot.obj (.text)
                  00001758    00000044                                   : cpy_tbl.obj (.text)
                  0000179c    00000040                                   : exit.obj (.text)
                  000017dc    00000034     driverlib.lib : adc.obj (.text:ADCSoftwareOversampleDataGet)
                  00001810    0000001e     uart_echo.obj (.text:wait)
                  0000182e    00000002     startup_ccs.obj (.text:IntDefaultHandler)
                  00001830    00000018     driverlib.lib : adc.obj (.text:ADCSoftwareOversampleConfigure)
                  00001848    00000018     uart_echo.obj (.text:SysTickIntHandler)
                  00001860    00000018     rtsv7M4_T_le_v4SPD16_eabi.lib : args_main.obj (.text)
                  00001878    00000014                                   : _lock.obj (.text)
                  0000188c    00000012                                   : copy_zero_init.obj (.text:decompress:ZI)
                  0000189e    00000002     startup_ccs.obj (.text:NmiSR)
                  000018a0    00000010     driverlib.lib : systick.obj (.text:SysTickPeriodSet)
                  000018b0    0000000e     rtsv7M4_T_le_v4SPD16_eabi.lib : copy_decompress_none.obj (.text:decompress:none)
                  000018be    00000008     driverlib.lib : ssi.obj (.text:SSIBusy)
                  000018c6    00000006     startup_ccs.obj (.text:ResetISR)
                  000018cc    00000006     driverlib.lib : sysctl.obj (.text:SysCtlDelay)
                  000018d2    00000006     rtsv7M4_T_le_v4SPD16_eabi.lib : copy_decompress_rle.obj (.text:decompress:rle24)

.const     0    000018d8    0000006c     
                  000018d8    0000006c     driverlib.lib : sysctl.obj (.const:g_pui32Xtals)

.cinit     0    00001948    00000040     
                  00001948    00000016     (.cinit..data.load) [load image, compression = rle]
                  0000195e    00000002     --HOLE-- [fill = 0]
                  00001960    0000000c     (__TI_handler_table)
                  0000196c    00000004     --HOLE-- [fill = 0]
                  00001970    00000008     (.cinit..bss.load) [load image, compression = zero_init]
                  00001978    00000010     (__TI_cinit_table)

.stack     0    20000000    00000100     UNINITIALIZED
                  20000000    00000100     --HOLE--

.bss       0    20000100    000000fc     UNINITIALIZED
                  20000100    00000078     uart_echo.obj (.bss)
                  20000178    00000040     uart_echo.obj (.bss:dead_buf$5)
                  200001b8    00000040     uart_echo.obj (.bss:udata$1)
                  200001f8    00000004     driverlib.lib : adc.obj (.bss)

.data      0    200001fc    00000028     
                  200001fc    00000014     uart_echo.obj (.data)
                  20000210    00000008     rtsv7M4_T_le_v4SPD16_eabi.lib : _lock.obj (.data)
                  20000218    00000008                                   : exit.obj (.data)
                  20000220    00000004                                   : stkdepth_vars.obj (.data)


LINKER GENERATED COPY TABLES

__TI_cinit_table @ 00001978 records: 2, size/record: 8, table size: 16
	.data: load addr=00001948, load size=00000016 bytes, run addr=200001fc, run size=00000028 bytes, compression=rle
	.bss: load addr=00001970, load size=00000008 bytes, run addr=20000100, run size=000000fc bytes, compression=zero_init


LINKER GENERATED HANDLER TABLE

__TI_handler_table @ 00001960 records: 3, size/record: 4, table size: 12
	index: 0, handler: __TI_decompress_rle24
	index: 1, handler: __TI_decompress_none
	index: 2, handler: __TI_zero_init


GLOBAL SYMBOLS: SORTED ALPHABETICALLY BY Name 

address    name
--------   ----
00001831   ADCSoftwareOversampleConfigure
000017dd   ADCSoftwareOversampleDataGet
00001569   ADCSoftwareOversampleStepConfigure
0000107d   ADC_Sync
00001225   ADC_init_a
000012e1   ADC_init_b
0000179d   C$$EXIT
000018c7   ResetISR
UNDEFED    SHT$$INIT_ARRAY$$Base
UNDEFED    SHT$$INIT_ARRAY$$Limit
000018bf   SSIBusy
0000115d   SysCtlClockGet
000018cd   SysCtlDelay
00001849   SysTickIntHandler
000018a1   SysTickPeriodSet
0000026d   UARTIntHandler
20000100   __STACK_END
00000100   __STACK_SIZE
20000100   __STACK_TOP
00001978   __TI_CINIT_Base
00001988   __TI_CINIT_Limit
00001960   __TI_Handler_Table_Base
0000196c   __TI_Handler_Table_Limit
00000001   __TI_args_main
000014d5   __TI_auto_init
000018b1   __TI_decompress_none
000018d3   __TI_decompress_rle24
00000000   __TI_static_base__
0000188d   __TI_zero_init
000015e5   __aeabi_memclr
000015e5   __aeabi_memclr4
000015e5   __aeabi_memclr8
00001439   __aeabi_memcpy
00001439   __aeabi_memcpy4
00001439   __aeabi_memcpy8
000015e7   __aeabi_memset
000015e7   __aeabi_memset4
000015e7   __aeabi_memset8
ffffffff   __binit__
ffffffff   __c_args__
20000000   __stack
00001861   _args_main
00001711   _c_int00
20000218   _cleanup_ptr
2000021c   _dtors_ptr
20000210   _lock
00001887   _nop
0000187f   _register_lock
00001879   _register_unlock
20000214   _unlock
000017a1   abort
20000204   adc_init_a
20000208   adc_init_b
ffffffff   binit
0000139d   chip_select
200001fc   cont_mode
00001759   copy_in
20000108   cs
000007c9   dPot_ctr
00000f99   dPot_pr_ctr
00000ead   dPot_wp_ctr
000016bd   detector_pCyc
000017a9   exit
00000000   g_pfnVectors
00000a29   main
20000220   main_func_sp
00001439   memcpy
000015ed   memset
2000010c   new_data_A
2000011c   new_data_B
20000100   reset_flag_1
20000200   time_trigger
00000c71   uart2ssi_config
00001811   wait


GLOBAL SYMBOLS: SORTED BY Symbol Address 

address    name
--------   ----
00000000   __TI_static_base__
00000000   g_pfnVectors
00000001   __TI_args_main
00000100   __STACK_SIZE
0000026d   UARTIntHandler
000007c9   dPot_ctr
00000a29   main
00000c71   uart2ssi_config
00000ead   dPot_wp_ctr
00000f99   dPot_pr_ctr
0000107d   ADC_Sync
0000115d   SysCtlClockGet
00001225   ADC_init_a
000012e1   ADC_init_b
0000139d   chip_select
00001439   __aeabi_memcpy
00001439   __aeabi_memcpy4
00001439   __aeabi_memcpy8
00001439   memcpy
000014d5   __TI_auto_init
00001569   ADCSoftwareOversampleStepConfigure
000015e5   __aeabi_memclr
000015e5   __aeabi_memclr4
000015e5   __aeabi_memclr8
000015e7   __aeabi_memset
000015e7   __aeabi_memset4
000015e7   __aeabi_memset8
000015ed   memset
000016bd   detector_pCyc
00001711   _c_int00
00001759   copy_in
0000179d   C$$EXIT
000017a1   abort
000017a9   exit
000017dd   ADCSoftwareOversampleDataGet
00001811   wait
00001831   ADCSoftwareOversampleConfigure
00001849   SysTickIntHandler
00001861   _args_main
00001879   _register_unlock
0000187f   _register_lock
00001887   _nop
0000188d   __TI_zero_init
000018a1   SysTickPeriodSet
000018b1   __TI_decompress_none
000018bf   SSIBusy
000018c7   ResetISR
000018cd   SysCtlDelay
000018d3   __TI_decompress_rle24
00001960   __TI_Handler_Table_Base
0000196c   __TI_Handler_Table_Limit
00001978   __TI_CINIT_Base
00001988   __TI_CINIT_Limit
20000000   __stack
20000100   __STACK_END
20000100   __STACK_TOP
20000100   reset_flag_1
20000108   cs
2000010c   new_data_A
2000011c   new_data_B
200001fc   cont_mode
20000200   time_trigger
20000204   adc_init_a
20000208   adc_init_b
20000210   _lock
20000214   _unlock
20000218   _cleanup_ptr
2000021c   _dtors_ptr
20000220   main_func_sp
ffffffff   __binit__
ffffffff   __c_args__
ffffffff   binit
UNDEFED    SHT$$INIT_ARRAY$$Base
UNDEFED    SHT$$INIT_ARRAY$$Limit

[74 symbols]
