******************************************************************************
                  TI ARM Linker PC v5.0.4                      
******************************************************************************
>> Linked Wed Sep 10 12:01:26 2014

OUTPUT FILE NAME:   <uart2ssi_v2_r1.out>
ENTRY POINT SYMBOL: "_c_int00"  address: 00000de1


MEMORY CONFIGURATION

         name            origin    length      used     unused   attr    fill
----------------------  --------  ---------  --------  --------  ----  --------
  FLASH                 00000000   00040000  00001020  0003efe0  R  X
  SRAM                  20000000   00008000  00000483  00007b7d  RW X


SEGMENT ALLOCATION MAP

run origin  load origin   length   init length attrs members
----------  ----------- ---------- ----------- ----- -------
00000000    00000000    00001020   00001020    r-x
  00000000    00000000    0000026c   0000026c    r-- .intvecs
  0000026c    0000026c    00000d10   00000d10    r-x .text
  00000f7c    00000f7c    0000006c   0000006c    r-- .const
  00000fe8    00000fe8    00000038   00000038    r-- .cinit
20000000    20000000    0000046c   00000000    rw-
  20000000    20000000    00000400   00000000    rw- .stack
  20000400    20000400    0000006c   00000000    rw- .bss
2000046c    2000046c    00000017   00000017    rw-
  2000046c    2000046c    00000017   00000017    rw- .data


SECTION ALLOCATION MAP

 output                                  attributes/
section   page    origin      length       input sections
--------  ----  ----------  ----------   ----------------
.intvecs   0    00000000    0000026c     
                  00000000    0000026c     startup_ccs.obj (.intvecs)

.init_array 
*          0    00000000    00000000     UNINITIALIZED

.text      0    0000026c    00000d10     
                  0000026c    00000308     uart_echo.obj (.text:UARTIntHandler)
                  00000574    000002e4     uart_echo.obj (.text:ADC_1_init)
                  00000858    00000204     uart_echo.obj (.text:uart2ssi_config)
                  00000a5c    0000012c     uart_echo.obj (.text:SSI1IntHandler)
                  00000b88    000000c8     driverlib.lib : sysctl.obj (.text:SysCtlClockGet)
                  00000c50    0000009c     rtsv7M4_T_le_v4SPD16_eabi.lib : memcpy_t2.obj (.text)
                  00000cec    00000094                                   : auto_init.obj (.text)
                  00000d80    0000005e                                   : copy_decompress_rle.obj (.text)
                  00000dde    00000002     startup_ccs.obj (.text:FaultISR)
                  00000de0    00000048     rtsv7M4_T_le_v4SPD16_eabi.lib : boot.obj (.text)
                  00000e28    00000044                                   : cpy_tbl.obj (.text)
                  00000e6c    00000040                                   : exit.obj (.text)
                  00000eac    0000003c     uart_echo.obj (.text:main)
                  00000ee8    00000024     uart_echo.obj (.text:UARTSend)
                  00000f0c    00000018     rtsv7M4_T_le_v4SPD16_eabi.lib : args_main.obj (.text)
                  00000f24    00000014                                   : _lock.obj (.text)
                  00000f38    00000012                                   : copy_zero_init.obj (.text:decompress:ZI)
                  00000f4a    0000000e                                   : copy_decompress_none.obj (.text:decompress:none)
                  00000f58    00000008     driverlib.lib : ssi.obj (.text:SSIBusy)
                  00000f60    00000006                   : gpio.obj (.text:GPIOPinWrite)
                  00000f66    00000006     startup_ccs.obj (.text:ResetISR)
                  00000f6c    00000006     driverlib.lib : sysctl.obj (.text:SysCtlDelay)
                  00000f72    00000006     rtsv7M4_T_le_v4SPD16_eabi.lib : copy_decompress_rle.obj (.text:decompress:rle24)
                  00000f78    00000002     startup_ccs.obj (.text:IntDefaultHandler)
                  00000f7a    00000002     startup_ccs.obj (.text:NmiSR)

.const     0    00000f7c    0000006c     
                  00000f7c    0000006c     driverlib.lib : sysctl.obj (.const:g_pui32Xtals)

.cinit     0    00000fe8    00000038     
                  00000fe8    0000000f     (.cinit..data.load) [load image, compression = rle]
                  00000ff7    00000001     --HOLE-- [fill = 0]
                  00000ff8    0000000c     (__TI_handler_table)
                  00001004    00000004     --HOLE-- [fill = 0]
                  00001008    00000008     (.cinit..bss.load) [load image, compression = zero_init]
                  00001010    00000010     (__TI_cinit_table)

.stack     0    20000000    00000400     UNINITIALIZED
                  20000000    00000400     --HOLE--

.bss       0    20000400    0000006c     UNINITIALIZED
                  20000400    0000006c     uart_echo.obj (.bss)

.data      0    2000046c    00000017     
                  2000046c    00000008     rtsv7M4_T_le_v4SPD16_eabi.lib : _lock.obj (.data)
                  20000474    00000008                                   : exit.obj (.data)
                  2000047c    00000004                                   : stkdepth_vars.obj (.data)
                  20000480    00000003     uart_echo.obj (.data)


LINKER GENERATED COPY TABLES

__TI_cinit_table @ 00001010 records: 2, size/record: 8, table size: 16
	.data: load addr=00000fe8, load size=0000000f bytes, run addr=2000046c, run size=00000017 bytes, compression=rle
	.bss: load addr=00001008, load size=00000008 bytes, run addr=20000400, run size=0000006c bytes, compression=zero_init


LINKER GENERATED HANDLER TABLE

__TI_handler_table @ 00000ff8 records: 3, size/record: 4, table size: 12
	index: 0, handler: __TI_decompress_rle24
	index: 1, handler: __TI_decompress_none
	index: 2, handler: __TI_zero_init


GLOBAL SYMBOLS: SORTED ALPHABETICALLY BY Name 

address    name
--------   ----
00000575   ADC_1_init
00000e6d   C$$EXIT
00000f61   GPIOPinWrite
00000f67   ResetISR
UNDEFED    SHT$$INIT_ARRAY$$Base
UNDEFED    SHT$$INIT_ARRAY$$Limit
00000a5d   SSI1IntHandler
00000f59   SSIBusy
00000b89   SysCtlClockGet
00000f6d   SysCtlDelay
0000026d   UARTIntHandler
00000ee9   UARTSend
20000400   __STACK_END
00000400   __STACK_SIZE
20000400   __STACK_TOP
00001010   __TI_CINIT_Base
00001020   __TI_CINIT_Limit
00000ff8   __TI_Handler_Table_Base
00001004   __TI_Handler_Table_Limit
00000001   __TI_args_main
00000ced   __TI_auto_init
00000f4b   __TI_decompress_none
00000f73   __TI_decompress_rle24
00000000   __TI_static_base__
00000f39   __TI_zero_init
00000c51   __aeabi_memcpy
00000c51   __aeabi_memcpy4
00000c51   __aeabi_memcpy8
ffffffff   __binit__
ffffffff   __c_args__
20000000   __stack
00000f0d   _args_main
00000de1   _c_int00
20000474   _cleanup_ptr
20000478   _dtors_ptr
2000046c   _lock
00000f33   _nop
00000f2b   _register_lock
00000f25   _register_unlock
20000470   _unlock
00000e71   abort
ffffffff   binit
00000e29   copy_in
00000e79   exit
00000000   g_pfnVectors
00000ead   main
2000047c   main_func_sp
00000c51   memcpy
20000400   reset_flag_0
20000402   reset_flag_1
20000480   state
00000859   uart2ssi_config


GLOBAL SYMBOLS: SORTED BY Symbol Address 

address    name
--------   ----
00000000   __TI_static_base__
00000000   g_pfnVectors
00000001   __TI_args_main
0000026d   UARTIntHandler
00000400   __STACK_SIZE
00000575   ADC_1_init
00000859   uart2ssi_config
00000a5d   SSI1IntHandler
00000b89   SysCtlClockGet
00000c51   __aeabi_memcpy
00000c51   __aeabi_memcpy4
00000c51   __aeabi_memcpy8
00000c51   memcpy
00000ced   __TI_auto_init
00000de1   _c_int00
00000e29   copy_in
00000e6d   C$$EXIT
00000e71   abort
00000e79   exit
00000ead   main
00000ee9   UARTSend
00000f0d   _args_main
00000f25   _register_unlock
00000f2b   _register_lock
00000f33   _nop
00000f39   __TI_zero_init
00000f4b   __TI_decompress_none
00000f59   SSIBusy
00000f61   GPIOPinWrite
00000f67   ResetISR
00000f6d   SysCtlDelay
00000f73   __TI_decompress_rle24
00000ff8   __TI_Handler_Table_Base
00001004   __TI_Handler_Table_Limit
00001010   __TI_CINIT_Base
00001020   __TI_CINIT_Limit
20000000   __stack
20000400   __STACK_END
20000400   __STACK_TOP
20000400   reset_flag_0
20000402   reset_flag_1
2000046c   _lock
20000470   _unlock
20000474   _cleanup_ptr
20000478   _dtors_ptr
2000047c   main_func_sp
20000480   state
ffffffff   __binit__
ffffffff   __c_args__
ffffffff   binit
UNDEFED    SHT$$INIT_ARRAY$$Base
UNDEFED    SHT$$INIT_ARRAY$$Limit

[52 symbols]
