******************************************************************************
                  TI ARM Linker PC v5.0.4                      
******************************************************************************
>> Linked Thu Dec 04 13:49:43 2014

OUTPUT FILE NAME:   <Uart2ssi DC R2.0.out>
ENTRY POINT SYMBOL: "_c_int00"  address: 00001a3d


MEMORY CONFIGURATION

         name            origin    length      used     unused   attr    fill
----------------------  --------  ---------  --------  --------  ----  --------
  FLASH                 00000000   00040000  00001c80  0003e380  R  X
  SRAM                  20000000   00008000  00000508  00007af8  RW X


SEGMENT ALLOCATION MAP

run origin  load origin   length   init length attrs members
----------  ----------- ---------- ----------- ----- -------
00000000    00000000    00001c80   00001c80    r-x
  00000000    00000000    0000026c   0000026c    r-- .intvecs
  0000026c    0000026c    00001970   00001970    r-x .text
  00001bdc    00001bdc    0000006c   0000006c    r-- .const
  00001c48    00001c48    00000038   00000038    r-- .cinit
20000000    20000000    000004ec   00000000    rw-
  20000000    20000000    00000400   00000000    rw- .stack
  20000400    20000400    000000ec   00000000    rw- .bss
200004ec    200004ec    0000001c   0000001c    rw-
  200004ec    200004ec    0000001c   0000001c    rw- .data


SECTION ALLOCATION MAP

 output                                  attributes/
section   page    origin      length       input sections
--------  ----  ----------  ----------   ----------------
.intvecs   0    00000000    0000026c     
                  00000000    0000026c     startup_ccs.obj (.intvecs)

.init_array 
*          0    00000000    00000000     UNINITIALIZED

.text      0    0000026c    00001970     
                  0000026c    00000684     uart_echo.obj (.text:UARTIntHandler)
                  000008f0    00000394     uart_echo.obj (.text:ADC_init)
                  00000c84    0000024c     uart_echo.obj (.text:uart2ssi_config)
                  00000ed0    00000228     uart_echo.obj (.text:dPot_ctr)
                  000010f8    00000228     uart_echo.obj (.text:main)
                  00001320    00000140     uart_echo.obj (.text:SSI0IntHandler)
                  00001460    00000120     uart_echo.obj (.text:dPot_pr_ctr)
                  00001580    0000011c     uart_echo.obj (.text:dPot_wp_ctr)
                  0000169c    000000c8     driverlib.lib : sysctl.obj (.text:SysCtlClockGet)
                  00001764    0000009c     rtsv7M4_T_le_v4SPD16_eabi.lib : memcpy_t2.obj (.text)
                  00001800    00000094                                   : auto_init.obj (.text)
                  00001894    0000007c     driverlib.lib : adc.obj (.text:ADCSoftwareOversampleStepConfigure)
                  00001910    00000078     rtsv7M4_T_le_v4SPD16_eabi.lib : memset_t2.obj (.text)
                  00001988    0000005e                                   : copy_decompress_rle.obj (.text)
                  000019e6    00000002     startup_ccs.obj (.text:FaultISR)
                  000019e8    00000054     uart_echo.obj (.text:detector_pCyc)
                  00001a3c    00000048     rtsv7M4_T_le_v4SPD16_eabi.lib : boot.obj (.text)
                  00001a84    00000044                                   : cpy_tbl.obj (.text)
                  00001ac8    00000040                                   : exit.obj (.text)
                  00001b08    00000034     driverlib.lib : adc.obj (.text:ADCSoftwareOversampleDataGet)
                  00001b3c    0000001e     uart_echo.obj (.text:wait)
                  00001b5a    00000002     startup_ccs.obj (.text:IntDefaultHandler)
                  00001b5c    00000018     driverlib.lib : adc.obj (.text:ADCSoftwareOversampleConfigure)
                  00001b74    00000018     rtsv7M4_T_le_v4SPD16_eabi.lib : args_main.obj (.text)
                  00001b8c    00000014                                   : _lock.obj (.text)
                  00001ba0    00000012                                   : copy_zero_init.obj (.text:decompress:ZI)
                  00001bb2    0000000e                                   : copy_decompress_none.obj (.text:decompress:none)
                  00001bc0    00000008     driverlib.lib : ssi.obj (.text:SSIBusy)
                  00001bc8    00000006     startup_ccs.obj (.text:ResetISR)
                  00001bce    00000006     driverlib.lib : sysctl.obj (.text:SysCtlDelay)
                  00001bd4    00000006     rtsv7M4_T_le_v4SPD16_eabi.lib : copy_decompress_rle.obj (.text:decompress:rle24)
                  00001bda    00000002     startup_ccs.obj (.text:NmiSR)

.const     0    00001bdc    0000006c     
                  00001bdc    0000006c     driverlib.lib : sysctl.obj (.const:g_pui32Xtals)

.cinit     0    00001c48    00000038     
                  00001c48    00000013     (.cinit..data.load) [load image, compression = rle]
                  00001c5b    00000001     --HOLE-- [fill = 0]
                  00001c5c    0000000c     (__TI_handler_table)
                  00001c68    00000008     (.cinit..bss.load) [load image, compression = zero_init]
                  00001c70    00000010     (__TI_cinit_table)

.stack     0    20000000    00000400     UNINITIALIZED
                  20000000    00000400     --HOLE--

.bss       0    20000400    000000ec     UNINITIALIZED
                  20000400    000000a8     uart_echo.obj (.bss)
                  200004a8    00000040     uart_echo.obj (.bss:last_conv_buff$5)
                  200004e8    00000004     driverlib.lib : adc.obj (.bss)

.data      0    200004ec    0000001c     
                  200004ec    00000008     rtsv7M4_T_le_v4SPD16_eabi.lib : _lock.obj (.data)
                  200004f4    00000008                                   : exit.obj (.data)
                  200004fc    00000008     uart_echo.obj (.data)
                  20000504    00000004     rtsv7M4_T_le_v4SPD16_eabi.lib : stkdepth_vars.obj (.data)


LINKER GENERATED COPY TABLES

__TI_cinit_table @ 00001c70 records: 2, size/record: 8, table size: 16
	.data: load addr=00001c48, load size=00000013 bytes, run addr=200004ec, run size=0000001c bytes, compression=rle
	.bss: load addr=00001c68, load size=00000008 bytes, run addr=20000400, run size=000000ec bytes, compression=zero_init


LINKER GENERATED HANDLER TABLE

__TI_handler_table @ 00001c5c records: 3, size/record: 4, table size: 12
	index: 0, handler: __TI_decompress_rle24
	index: 1, handler: __TI_decompress_none
	index: 2, handler: __TI_zero_init


GLOBAL SYMBOLS: SORTED ALPHABETICALLY BY Name 

address    name
--------   ----
00001b5d   ADCSoftwareOversampleConfigure
00001b09   ADCSoftwareOversampleDataGet
00001895   ADCSoftwareOversampleStepConfigure
000008f1   ADC_init
00001ac9   C$$EXIT
00001bc9   ResetISR
UNDEFED    SHT$$INIT_ARRAY$$Base
UNDEFED    SHT$$INIT_ARRAY$$Limit
00001321   SSI0IntHandler
00001bc1   SSIBusy
0000169d   SysCtlClockGet
00001bcf   SysCtlDelay
0000026d   UARTIntHandler
20000400   __STACK_END
00000400   __STACK_SIZE
20000400   __STACK_TOP
00001c70   __TI_CINIT_Base
00001c80   __TI_CINIT_Limit
00001c5c   __TI_Handler_Table_Base
00001c68   __TI_Handler_Table_Limit
00000001   __TI_args_main
00001801   __TI_auto_init
00001bb3   __TI_decompress_none
00001bd5   __TI_decompress_rle24
00000000   __TI_static_base__
00001ba1   __TI_zero_init
00001911   __aeabi_memclr
00001911   __aeabi_memclr4
00001911   __aeabi_memclr8
00001765   __aeabi_memcpy
00001765   __aeabi_memcpy4
00001765   __aeabi_memcpy8
00001913   __aeabi_memset
00001913   __aeabi_memset4
00001913   __aeabi_memset8
ffffffff   __binit__
ffffffff   __c_args__
20000000   __stack
00001b75   _args_main
00001a3d   _c_int00
200004f4   _cleanup_ptr
200004f8   _dtors_ptr
200004ec   _lock
00001b9b   _nop
00001b93   _register_lock
00001b8d   _register_unlock
200004f0   _unlock
00001acd   abort
ffffffff   binit
200004fe   cont_mode
00001a85   copy_in
20000408   cs
00000ed1   dPot_ctr
00001461   dPot_pr_ctr
00001581   dPot_wp_ctr
000019e9   detector_pCyc
00001ad5   exit
00000000   g_pfnVectors
000010f9   main
20000504   main_func_sp
00001765   memcpy
00001919   memset
2000040c   new_data_A
2000041c   new_data_B
20000400   reset_flag_1
200004fc   state
00000c85   uart2ssi_config
00001b3d   wait


GLOBAL SYMBOLS: SORTED BY Symbol Address 

address    name
--------   ----
00000000   __TI_static_base__
00000000   g_pfnVectors
00000001   __TI_args_main
0000026d   UARTIntHandler
00000400   __STACK_SIZE
000008f1   ADC_init
00000c85   uart2ssi_config
00000ed1   dPot_ctr
000010f9   main
00001321   SSI0IntHandler
00001461   dPot_pr_ctr
00001581   dPot_wp_ctr
0000169d   SysCtlClockGet
00001765   __aeabi_memcpy
00001765   __aeabi_memcpy4
00001765   __aeabi_memcpy8
00001765   memcpy
00001801   __TI_auto_init
00001895   ADCSoftwareOversampleStepConfigure
00001911   __aeabi_memclr
00001911   __aeabi_memclr4
00001911   __aeabi_memclr8
00001913   __aeabi_memset
00001913   __aeabi_memset4
00001913   __aeabi_memset8
00001919   memset
000019e9   detector_pCyc
00001a3d   _c_int00
00001a85   copy_in
00001ac9   C$$EXIT
00001acd   abort
00001ad5   exit
00001b09   ADCSoftwareOversampleDataGet
00001b3d   wait
00001b5d   ADCSoftwareOversampleConfigure
00001b75   _args_main
00001b8d   _register_unlock
00001b93   _register_lock
00001b9b   _nop
00001ba1   __TI_zero_init
00001bb3   __TI_decompress_none
00001bc1   SSIBusy
00001bc9   ResetISR
00001bcf   SysCtlDelay
00001bd5   __TI_decompress_rle24
00001c5c   __TI_Handler_Table_Base
00001c68   __TI_Handler_Table_Limit
00001c70   __TI_CINIT_Base
00001c80   __TI_CINIT_Limit
20000000   __stack
20000400   __STACK_END
20000400   __STACK_TOP
20000400   reset_flag_1
20000408   cs
2000040c   new_data_A
2000041c   new_data_B
200004ec   _lock
200004f0   _unlock
200004f4   _cleanup_ptr
200004f8   _dtors_ptr
200004fc   state
200004fe   cont_mode
20000504   main_func_sp
ffffffff   __binit__
ffffffff   __c_args__
ffffffff   binit
UNDEFED    SHT$$INIT_ARRAY$$Base
UNDEFED    SHT$$INIT_ARRAY$$Limit

[68 symbols]
